Archive member included because of file (symbol)

.\CortexM3\ARM_GCC_493\Debug\ZumoBot_Sumojaba.a(cyfitter_cfg.o)
                              .\CortexM3\ARM_GCC_493\Debug\Cm3Start.o (cyfitter_cfg)
.\CortexM3\ARM_GCC_493\Debug\ZumoBot_Sumojaba.a(PWM.o)
                              .\CortexM3\ARM_GCC_493\Debug\Motor.o (PWM_Stop)
.\CortexM3\ARM_GCC_493\Debug\ZumoBot_Sumojaba.a(I2C.o)
                              .\CortexM3\ARM_GCC_493\Debug\Nunchuk.o (I2C_Start)
.\CortexM3\ARM_GCC_493\Debug\ZumoBot_Sumojaba.a(I2C_INT.o)
                              .\CortexM3\ARM_GCC_493\Debug\ZumoBot_Sumojaba.a(I2C.o) (I2C_ISR)
.\CortexM3\ARM_GCC_493\Debug\ZumoBot_Sumojaba.a(I2C_PM.o)
                              .\CortexM3\ARM_GCC_493\Debug\ZumoBot_Sumojaba.a(I2C.o) (I2C_backup)
.\CortexM3\ARM_GCC_493\Debug\ZumoBot_Sumojaba.a(I2C_MASTER.o)
                              .\CortexM3\ARM_GCC_493\Debug\I2C_made.o (I2C_MasterWriteBuf)
.\CortexM3\ARM_GCC_493\Debug\ZumoBot_Sumojaba.a(CyLib.o)
                              .\CortexM3\ARM_GCC_493\Debug\Cm3Start.o (CyHalt)
.\CortexM3\ARM_GCC_493\Debug\ZumoBot_Sumojaba.a(cyPm.o)
                              .\CortexM3\ARM_GCC_493\Debug\ZumoBot_Sumojaba.a(CyLib.o) (CyPmReadStatus)
.\CortexM3\ARM_GCC_493\Debug\ZumoBot_Sumojaba.a(MotorDirLeft.o)
                              .\CortexM3\ARM_GCC_493\Debug\Motor.o (MotorDirLeft_Write)
.\CortexM3\ARM_GCC_493\Debug\ZumoBot_Sumojaba.a(MotorDirRight.o)
                              .\CortexM3\ARM_GCC_493\Debug\Motor.o (MotorDirRight_Write)
.\CortexM3\ARM_GCC_493\Debug\ZumoBot_Sumojaba.a(IR_led.o)
                              .\CortexM3\ARM_GCC_493\Debug\main.o (IR_led_Write)
.\CortexM3\ARM_GCC_493\Debug\ZumoBot_Sumojaba.a(sensor_isr.o)
                              .\CortexM3\ARM_GCC_493\Debug\main.o (sensor_isr_StartEx)
.\CortexM3\ARM_GCC_493\Debug\ZumoBot_Sumojaba.a(UART_1.o)
                              .\CortexM3\ARM_GCC_493\Debug\main.o (UART_1_Start)
.\CortexM3\ARM_GCC_493\Debug\ZumoBot_Sumojaba.a(ADC_Battery.o)
                              .\CortexM3\ARM_GCC_493\Debug\main.o (ADC_Battery_Start)
.\CortexM3\ARM_GCC_493\Debug\ZumoBot_Sumojaba.a(ADC_Battery_INT.o)
                              .\CortexM3\ARM_GCC_493\Debug\ZumoBot_Sumojaba.a(ADC_Battery.o) (ADC_Battery_ISR)
.\CortexM3\ARM_GCC_493\Debug\ZumoBot_Sumojaba.a(BatteryLed.o)
                              .\CortexM3\ARM_GCC_493\Debug\main.o (BatteryLed_Write)
.\CortexM3\ARM_GCC_493\Debug\ZumoBot_Sumojaba.a(IR_receiver.o)
                              .\CortexM3\ARM_GCC_493\Debug\main.o (IR_receiver_Read)
.\CortexM3\ARM_GCC_493\Debug\ZumoBot_Sumojaba.a(Trig.o)
                              .\CortexM3\ARM_GCC_493\Debug\Ultra.o (Trig_Write)
.\CortexM3\ARM_GCC_493\Debug\ZumoBot_Sumojaba.a(Timer.o)
                              .\CortexM3\ARM_GCC_493\Debug\Ultra.o (Timer_Stop)
.\CortexM3\ARM_GCC_493\Debug\ZumoBot_Sumojaba.a(Echo.o)
                              .\CortexM3\ARM_GCC_493\Debug\Ultra.o (Echo_Read)
.\CortexM3\ARM_GCC_493\Debug\ZumoBot_Sumojaba.a(ultra_isr.o)
                              .\CortexM3\ARM_GCC_493\Debug\Ultra.o (ultra_isr_StartEx)
.\CortexM3\ARM_GCC_493\Debug\ZumoBot_Sumojaba.a(UART_1_IntClock.o)
                              .\CortexM3\ARM_GCC_493\Debug\ZumoBot_Sumojaba.a(UART_1.o) (UART_1_IntClock_Start)
.\CortexM3\ARM_GCC_493\Debug\ZumoBot_Sumojaba.a(ADC_Battery_theACLK.o)
                              .\CortexM3\ARM_GCC_493\Debug\ZumoBot_Sumojaba.a(ADC_Battery.o) (ADC_Battery_theACLK_SetModeRegister)
.\CortexM3\ARM_GCC_493\Debug\ZumoBot_Sumojaba.a(Buzzer_PWM.o)
                              .\CortexM3\ARM_GCC_493\Debug\Beep.o (Buzzer_PWM_Stop)
.\CortexM3\ARM_GCC_493\Debug\ZumoBot_Sumojaba.a(L3.o)
                              .\CortexM3\ARM_GCC_493\Debug\Reflectance.o (L3_Write)
.\CortexM3\ARM_GCC_493\Debug\ZumoBot_Sumojaba.a(Timer_L3.o)
                              .\CortexM3\ARM_GCC_493\Debug\Reflectance.o (Timer_L3_ReadStatusRegister)
.\CortexM3\ARM_GCC_493\Debug\ZumoBot_Sumojaba.a(Timer_R3.o)
                              .\CortexM3\ARM_GCC_493\Debug\Reflectance.o (Timer_R3_ReadStatusRegister)
.\CortexM3\ARM_GCC_493\Debug\ZumoBot_Sumojaba.a(Timer_R1.o)
                              .\CortexM3\ARM_GCC_493\Debug\Reflectance.o (Timer_R1_ReadStatusRegister)
.\CortexM3\ARM_GCC_493\Debug\ZumoBot_Sumojaba.a(R1.o)
                              .\CortexM3\ARM_GCC_493\Debug\Reflectance.o (R1_Write)
.\CortexM3\ARM_GCC_493\Debug\ZumoBot_Sumojaba.a(R3.o)
                              .\CortexM3\ARM_GCC_493\Debug\Reflectance.o (R3_Write)
.\CortexM3\ARM_GCC_493\Debug\ZumoBot_Sumojaba.a(Timer_L1.o)
                              .\CortexM3\ARM_GCC_493\Debug\Reflectance.o (Timer_L1_ReadStatusRegister)
.\CortexM3\ARM_GCC_493\Debug\ZumoBot_Sumojaba.a(L1.o)
                              .\CortexM3\ARM_GCC_493\Debug\Reflectance.o (L1_Write)
.\CortexM3\ARM_GCC_493\Debug\ZumoBot_Sumojaba.a(SW1.o)
[...]
Memory Configuration

Name             Origin             Length             Attributes
rom              0x00000000         0x00040000         xr
ram              0x1fff8000         0x00010000         xrw
*default*        0x00000000         0xffffffff

Linker script and memory map

LOAD c:/program files (x86)/cypress/psoc creator/4.0/psoc creator/import/gnu/arm/4.9.3/bin/../lib/gcc/arm-none-eabi/4.9.3/armv7-m/crti.o
LOAD c:/program files (x86)/cypress/psoc creator/4.0/psoc creator/import/gnu/arm/4.9.3/bin/../lib/gcc/arm-none-eabi/4.9.3/armv7-m/crtbegin.o
LOAD c:/program files (x86)/cypress/psoc creator/4.0/psoc creator/import/gnu/arm/4.9.3/bin/../lib/gcc/arm-none-eabi/4.9.3/../../../../arm-none-eabi/lib/armv7-m/crt0.o
START GROUP
LOAD .\CortexM3\ARM_GCC_493\Debug\main.o
LOAD .\CortexM3\ARM_GCC_493\Debug\Accel.o
LOAD .\CortexM3\ARM_GCC_493\Debug\Ambient.o
LOAD .\CortexM3\ARM_GCC_493\Debug\Gyro.o
LOAD .\CortexM3\ARM_GCC_493\Debug\I2C_made.o
LOAD .\CortexM3\ARM_GCC_493\Debug\IR.o
LOAD .\CortexM3\ARM_GCC_493\Debug\Magnet.o
LOAD .\CortexM3\ARM_GCC_493\Debug\Motor.o
LOAD .\CortexM3\ARM_GCC_493\Debug\Nunchuk.o
LOAD .\CortexM3\ARM_GCC_493\Debug\Reflectance.o
LOAD .\CortexM3\ARM_GCC_493\Debug\Ultra.o
LOAD .\CortexM3\ARM_GCC_493\Debug\Beep.o
LOAD .\CortexM3\ARM_GCC_493\Debug\cymetadata.o
LOAD .\CortexM3\ARM_GCC_493\Debug\Cm3Start.o
LOAD .\CortexM3\ARM_GCC_493\Debug\ZumoBot_Sumojaba.a
LOAD C:\Program Files (x86)\Cypress\PSoC Creator\4.0\PSoC Creator\psoc\content\cycomponentlibrary\CyComponentLibrary.cylib\CortexM3\ARM_GCC_493\Debug\CyComponentLibrary.a
LOAD c:/program files (x86)/cypress/psoc creator/4.0/psoc creator/import/gnu/arm/4.9.3/bin/../lib/gcc/arm-none-eabi/4.9.3/../../../../arm-none-eabi/lib/armv7-m\libm.a
END GROUP
START GROUP
LOAD c:/program files (x86)/cypress/psoc creator/4.0/psoc creator/import/gnu/arm/4.9.3/bin/../lib/gcc/arm-none-eabi/4.9.3/armv7-m\libgcc.a
LOAD c:/program files (x86)/cypress/psoc creator/4.0/psoc creator/import/gnu/arm/4.9.3/bin/../lib/gcc/arm-none-eabi/4.9.3/../../../../arm-none-eabi/lib/armv7-m\libg.a
LOAD c:/program files (x86)/cypress/psoc creator/4.0/psoc creator/import/gnu/arm/4.9.3/bin/../lib/gcc/arm-none-eabi/4.9.3/../../../../arm-none-eabi/lib/armv7-m\libc.a
END GROUP
LOAD c:/program files (x86)/cypress/psoc creator/4.0/psoc creator/import/gnu/arm/4.9.3/bin/../lib/gcc/arm-none-eabi/4.9.3/armv7-m/crtend.o
LOAD c:/program files (x86)/cypress/psoc creator/4.0/psoc creator/import/gnu/arm/4.9.3/bin/../lib/gcc/arm-none-eabi/4.9.3/armv7-m/crtn.o
START GROUP
LOAD c:/program files (x86)/cypress/psoc creator/4.0/psoc creator/import/gnu/arm/4.9.3/bin/../lib/gcc/arm-none-eabi/4.9.3/armv7-m\libgcc.a
LOAD c:/program files (x86)/cypress/psoc creator/4.0/psoc creator/import/gnu/arm/4.9.3/bin/../lib/gcc/arm-none-eabi/4.9.3/../../../../arm-none-eabi/lib/armv7-m\libc.a
LOAD c:/program files (x86)/cypress/psoc creator/4.0/psoc creator/import/gnu/arm/4.9.3/bin/../lib/gcc/arm-none-eabi/4.9.3/../../../../arm-none-eabi/lib/armv7-m\libnosys.a
END GROUP
                0x00000000                CY_APPL_ORIGIN = 0x0
                0x00000100                CY_FLASH_ROW_SIZE = 0x100
                0x00000020                CY_ECC_ROW_SIZE = 0x20
                0x00000000                CY_EE_IN_BTLDR = 0x0
                0x00000000                CY_APPL_LOADABLE = 0x0
                0x00000800                CY_EE_SIZE = 0x800
                0x00000001                CY_APPL_NUM = 0x1
                0x00000001                CY_APPL_MAX = 0x1
                0x00000040                CY_METADATA_SIZE = 0x40
                0x00000000                CY_APPL_LOADABLE = 0x0
                0x00000000                CY_CHECKSUM_EXCLUDE_SIZE = ALIGN (0x0, CY_FLASH_ROW_SIZE)
                0x1fff8a40                PROVIDE (__cy_heap_start, _end)
                0x00000001                PROVIDE (__cy_region_num, ((__cy_regions_end - __cy_regions) / 0x10))
                0x20008000                PROVIDE (__cy_stack, (ORIGIN (ram) + 0x10000))
                0x20007800                PROVIDE (__cy_heap_end, (__cy_stack - 0x800))

.cybootloader   0x00000000        0x0
 *(.cybootloader)
                0x00000000                appl1_start = CY_APPL_ORIGIN?CY_APPL_ORIGIN:ALIGN (CY_FLASH_ROW_SIZE)
                0x0001ff00                appl2_start = (appl1_start + ALIGN ((((0x40000 - appl1_start) - (0x2 * CY_FLASH_ROW_SIZE)) / 0x2), CY_FLASH_ROW_SIZE))
                0x00000000                appl_start = (CY_APPL_NUM == 0x1)?appl1_start:appl2_start
                0x00000000                ecc_offset = ((appl_start / CY_FLASH_ROW_SIZE) * CY_ECC_ROW_SIZE)
                0x00000000                ee_offset = (CY_APPL_LOADABLE && ! (CY_EE_IN_BTLDR))?((CY_EE_SIZE / CY_APPL_MAX) * (CY_APPL_NUM - 0x1)):0x0
                0x00000800                ee_size = (CY_APPL_LOADABLE && ! (CY_EE_IN_BTLDR))?(CY_EE_SIZE / CY_APPL_MAX):CY_EE_SIZE
                0x00000000                PROVIDE (CY_ECC_OFFSET, ecc_offset)

.text           0x00000000     0x7160
 CREATE_OBJECT_SYMBOLS
                0x00000000                PROVIDE (__cy_interrupt_vector, RomVectors)
 *(.romvectors)
 .romvectors    0x00000000       0x10 .\CortexM3\ARM_GCC_493\Debug\Cm3Start.o
                0x00000000                RomVectors
                0x00000001                ASSERT ((. != __cy_interrupt_vector), No interrupt vector)
                0x00000001                ASSERT (CY_APPL_ORIGIN?(SIZEOF (.cybootloader) <= CY_APPL_ORIGIN):0x1, Wrong image location)
                0x00000010                PROVIDE (__cy_reset, Reset)
 *(.text.Reset)
 .text.Reset    0x00000010       0x18 .\CortexM3\ARM_GCC_493\Debug\Cm3Start.o
                0x00000010                Reset
                0x00000001                ASSERT ((. != __cy_reset), No reset code)
 *(.dma_init)
                0x00000001                ASSERT ((((appl_start + .) <= 0x10000) || 0x1), DMA Init must be within the first 64k of flash)
 *(.text .text.* .gnu.linkonce.t.*)
 .text          0x00000028       0x5c c:/program files (x86)/cypress/psoc creator/4.0/psoc creator/import/gnu/arm/4.9.3/bin/../lib/gcc/arm-none-eabi/4.9.3/armv7-m/crtbegin.o
 *fill*         0x00000084        0x4 
 .text.main     0x00000088      0x398 .\CortexM3\ARM_GCC_493\Debug\main.o
                0x00000088                main
 .text._write   0x00000420       0x2c .\CortexM3\ARM_GCC_493\Debug\main.o
                0x00000420                _write
 .text._read    0x0000044c       0x38 .\CortexM3\ARM_GCC_493\Debug\main.o
                0x0000044c                _read
 .text.motor_start
                0x00000484        0x8 .\CortexM3\ARM_GCC_493\Debug\Motor.o
                0x00000484                motor_start
 .text.motor_forward
                0x0000048c       0x28 .\CortexM3\ARM_GCC_493\Debug\Motor.o
                0x0000048c                motor_forward
 .text.motor_turn
                0x000004b4       0x18 .\CortexM3\ARM_GCC_493\Debug\Motor.o
                0x000004b4                motor_turn
 .text.motor_sharpTurn
                0x000004cc       0x4c .\CortexM3\ARM_GCC_493\Debug\Motor.o
                0x000004cc                motor_sharpTurn
 .text.sensor_isr_handler
                0x00000518      0x108 .\CortexM3\ARM_GCC_493\Debug\Reflectance.o
                0x00000518                sensor_isr_handler
 .text.reflectance_start
                0x00000620       0x20 .\CortexM3\ARM_GCC_493\Debug\Reflectance.o
                0x00000620                reflectance_start
 .text.reflectance_read
                0x00000640       0x10 .\CortexM3\ARM_GCC_493\Debug\Reflectance.o
                0x00000640                reflectance_read
 .text.Beep     0x00000650       0x24 .\CortexM3\ARM_GCC_493\Debug\Beep.o
                0x00000650                Beep
 .text.IntDefaultHandler
                0x00000674       0x10 .\CortexM3\ARM_GCC_493\Debug\Cm3Start.o
                0x00000674                IntDefaultHandler
 .text._sbrk    0x00000684       0x30 .\CortexM3\ARM_GCC_493\Debug\Cm3Start.o
                0x00000684                _sbrk
 .text.Start_c  0x000006b4       0x4c .\CortexM3\ARM_GCC_493\Debug\Cm3Start.o
                0x000006b4                Start_c
 .text.initialize_psoc
                0x00000700       0x74 .\CortexM3\ARM_GCC_493\Debug\Cm3Start.o
                0x00000700                initialize_psoc
 .text.CyClockStartupError
                0x00000774        0x4 .\CortexM3\ARM_GCC_493\Debug\ZumoBot_Sumojaba.a(cyfitter_cfg.o)
 .text.cfg_write_bytes32
                0x00000778       0x34 .\CortexM3\ARM_GCC_493\Debug\ZumoBot_Sumojaba.a(cyfitter_cfg.o)
 .text.CYMEMZERO
                0x000007ac        0xc .\CortexM3\ARM_GCC_493\Debug\ZumoBot_Sumojaba.a(cyfitter_cfg.o)
 .text.ClockSetup
                0x000007b8       0xf0 .\CortexM3\ARM_GCC_493\Debug\ZumoBot_Sumojaba.a(cyfitter_cfg.o)
 .text.AnalogSetDefault
                0x000008a8       0x80 .\CortexM3\ARM_GCC_493\Debug\ZumoBot_Sumojaba.a(cyfitter_cfg.o)
 .text.CYCONFIGCPY
                0x00000928        0x8 .\CortexM3\ARM_GCC_493\Debug\ZumoBot_Sumojaba.a(cyfitter_cfg.o)
 .text.cyfitter_cfg
                0x00000930      0x144 .\CortexM3\ARM_GCC_493\Debug\ZumoBot_Sumojaba.a(cyfitter_cfg.o)
                0x00000930                cyfitter_cfg
 .text.PWM_Enable
                0x00000a74       0x10 .\CortexM3\ARM_GCC_493\Debug\ZumoBot_Sumojaba.a(PWM.o)
                0x00000a74                PWM_Enable
 .text.PWM_WriteCounter
                0x00000a84        0xc .\CortexM3\ARM_GCC_493\Debug\ZumoBot_Sumojaba.a(PWM.o)
                0x00000a84                PWM_WriteCounter
 .text.PWM_WritePeriod
                0x00000a90        0xc .\CortexM3\ARM_GCC_493\Debug\ZumoBot_Sumojaba.a(PWM.o)
                0x00000a90                PWM_WritePeriod
 .text.PWM_WriteCompare1
                0x00000a9c        0xc .\CortexM3\ARM_GCC_493\Debug\ZumoBot_Sumojaba.a(PWM.o)
                0x00000a9c                PWM_WriteCompare1
 .text.PWM_WriteCompare2
                0x00000aa8        0xc .\CortexM3\ARM_GCC_493\Debug\ZumoBot_Sumojaba.a(PWM.o)
                0x00000aa8                PWM_WriteCompare2
 .text.PWM_SetInterruptMode
                0x00000ab4        0xc .\CortexM3\ARM_GCC_493\Debug\ZumoBot_Sumojaba.a(PWM.o)
                0x00000ab4                PWM_SetInterruptMode
 .text.PWM_ReadStatusRegister
                0x00000ac0        0xc .\CortexM3\ARM_GCC_493\Debug\ZumoBot_Sumojaba.a(PWM.o)
                0x00000ac0                PWM_ReadStatusRegister
 .text.PWM_ReadCapture
                0x00000acc        0xc .\CortexM3\ARM_GCC_493\Debug\ZumoBot_Sumojaba.a(PWM.o)
                0x00000acc                PWM_ReadCapture
 .text.PWM_ClearFIFO
                0x00000ad8       0x14 .\CortexM3\ARM_GCC_493\Debug\ZumoBot_Sumojaba.a(PWM.o)
                0x00000ad8                PWM_ClearFIFO
 .text.PWM_Init
                0x00000aec       0x58 .\CortexM3\ARM_GCC_493\Debug\ZumoBot_Sumojaba.a(PWM.o)
                0x00000aec                PWM_Init
 .text.PWM_Start
                0x00000b44       0x1c .\CortexM3\ARM_GCC_493\Debug\ZumoBot_Sumojaba.a(PWM.o)
                0x00000b44                PWM_Start
 .text.CyHalt   0x00000b60        0x4 .\CortexM3\ARM_GCC_493\Debug\ZumoBot_Sumojaba.a(CyLib.o)
                0x00000b60                CyHalt
 .text.CyDelay  0x00000b64       0x2c .\CortexM3\ARM_GCC_493\Debug\ZumoBot_Sumojaba.a(CyLib.o)
                0x00000b64                CyDelay
 .text.CyDelayUs
                0x00000b90       0x14 .\CortexM3\ARM_GCC_493\Debug\ZumoBot_Sumojaba.a(CyLib.o)
                0x00000b90                CyDelayUs
 .text.CyIntSetVector
                0x00000ba4       0x28 .\CortexM3\ARM_GCC_493\Debug\ZumoBot_Sumojaba.a(CyLib.o)
                0x00000ba4                CyIntSetVector
 .text.CyIntSetPriority
                0x00000bcc       0x30 .\CortexM3\ARM_GCC_493\Debug\ZumoBot_Sumojaba.a(CyLib.o)
                0x00000bcc                CyIntSetPriority
 .text.MotorDirLeft_Write
                0x00000bfc       0x18 .\CortexM3\ARM_GCC_493\Debug\ZumoBot_Sumojaba.a(MotorDirLeft.o)
                0x00000bfc                MotorDirLeft_Write
 .text.MotorDirRight_Write
                0x00000c14       0x18 .\CortexM3\ARM_GCC_493\Debug\ZumoBot_Sumojaba.a(MotorDirRight.o)
                0x00000c14                MotorDirRight_Write
 .text.IR_led_Write
                0x00000c2c       0x18 .\CortexM3\ARM_GCC_493\Debug\ZumoBot_Sumojaba.a(IR_led.o)
                0x00000c2c                IR_led_Write
 .text.sensor_isr_SetVector
                0x00000c44        0xc .\CortexM3\ARM_GCC_493\Debug\ZumoBot_Sumojaba.a(sensor_isr.o)
                0x00000c44                sensor_isr_SetVector
 .text.sensor_isr_SetPriority
                0x00000c50       0x10 .\CortexM3\ARM_GCC_493\Debug\ZumoBot_Sumojaba.a(sensor_isr.o)
                0x00000c50                sensor_isr_SetPriority
 .text.sensor_isr_Enable
                0x00000c60        0xc .\CortexM3\ARM_GCC_493\Debug\ZumoBot_Sumojaba.a(sensor_isr.o)
                0x00000c60                sensor_isr_Enable
 .text.sensor_isr_Disable
                0x00000c6c        0xc .\CortexM3\ARM_GCC_493\Debug\ZumoBot_Sumojaba.a(sensor_isr.o)
                0x00000c6c                sensor_isr_Disable
 .text.sensor_isr_StartEx
                0x00000c78       0x1c .\CortexM3\ARM_GCC_493\Debug\ZumoBot_Sumojaba.a(sensor_isr.o)
                0x00000c78                sensor_isr_StartEx
 .text.UART_1_Init
                0x00000c94       0x28 .\CortexM3\ARM_GCC_493\Debug\ZumoBot_Sumojaba.a(UART_1.o)
                0x00000c94                UART_1_Init
 .text.UART_1_Enable
                0x00000cbc       0x38 .\CortexM3\ARM_GCC_493\Debug\ZumoBot_Sumojaba.a(UART_1.o)
                0x00000cbc                UART_1_Enable
 .text.UART_1_Start
                0x00000cf4       0x1c .\CortexM3\ARM_GCC_493\Debug\ZumoBot_Sumojaba.a(UART_1.o)
                0x00000cf4                UART_1_Start
 .text.UART_1_GetChar
                0x00000d10       0x2c .\CortexM3\ARM_GCC_493\Debug\ZumoBot_Sumojaba.a(UART_1.o)
                0x00000d10                UART_1_GetChar
 .text.UART_1_PutChar
                0x00000d3c       0x18 .\CortexM3\ARM_GCC_493\Debug\ZumoBot_Sumojaba.a(UART_1.o)
                0x00000d3c                UART_1_PutChar
 .text.ADC_Battery_CalcGain
                0x00000d54       0x64 .\CortexM3\ARM_GCC_493\Debug\ZumoBot_Sumojaba.a(ADC_Battery.o)
 .text.ADC_Battery_Enable
                0x00000db8       0x94 .\CortexM3\ARM_GCC_493\Debug\ZumoBot_Sumojaba.a(ADC_Battery.o)
                0x00000db8                ADC_Battery_Enable
 .text.ADC_Battery_SetResolution
                0x00000e4c       0x38 .\CortexM3\ARM_GCC_493\Debug\ZumoBot_Sumojaba.a(ADC_Battery.o)
                0x00000e4c                ADC_Battery_SetResolution
 .text.ADC_Battery_Init
                0x00000e84       0x3c .\CortexM3\ARM_GCC_493\Debug\ZumoBot_Sumojaba.a(ADC_Battery.o)
                0x00000e84                ADC_Battery_Init
 .text.ADC_Battery_Start
                0x00000ec0       0x1c .\CortexM3\ARM_GCC_493\Debug\ZumoBot_Sumojaba.a(ADC_Battery.o)
                0x00000ec0                ADC_Battery_Start
 .text.ADC_Battery_StartConvert
                0x00000edc       0x10 .\CortexM3\ARM_GCC_493\Debug\ZumoBot_Sumojaba.a(ADC_Battery.o)
                0x00000edc                ADC_Battery_StartConvert
 .text.ADC_Battery_IsEndConversion
                0x00000eec       0x24 .\CortexM3\ARM_GCC_493\Debug\ZumoBot_Sumojaba.a(ADC_Battery.o)
                0x00000eec                ADC_Battery_IsEndConversion
 .text.ADC_Battery_GetResult16
                0x00000f10       0x18 .\CortexM3\ARM_GCC_493\Debug\ZumoBot_Sumojaba.a(ADC_Battery.o)
                0x00000f10                ADC_Battery_GetResult16
 .text.ADC_Battery_ISR
                0x00000f28        0x4 .\CortexM3\ARM_GCC_493\Debug\ZumoBot_Sumojaba.a(ADC_Battery_INT.o)
                0x00000f28                ADC_Battery_ISR
 .text.BatteryLed_Write
                0x00000f2c       0x18 .\CortexM3\ARM_GCC_493\Debug\ZumoBot_Sumojaba.a(BatteryLed.o)
                0x00000f2c                BatteryLed_Write
 .text.IR_receiver_Read
                0x00000f44        0xc .\CortexM3\ARM_GCC_493\Debug\ZumoBot_Sumojaba.a(IR_receiver.o)
                0x00000f44                IR_receiver_Read
 .text.UART_1_IntClock_Start
                0x00000f50       0x1c .\CortexM3\ARM_GCC_493\Debug\ZumoBot_Sumojaba.a(UART_1_IntClock.o)
                0x00000f50                UART_1_IntClock_Start
 .text.ADC_Battery_theACLK_SetModeRegister
                0x00000f6c       0x14 .\CortexM3\ARM_GCC_493\Debug\ZumoBot_Sumojaba.a(ADC_Battery_theACLK.o)
                0x00000f6c                ADC_Battery_theACLK_SetModeRegister
 .text.Buzzer_PWM_Enable
                0x00000f80       0x10 .\CortexM3\ARM_GCC_493\Debug\ZumoBot_Sumojaba.a(Buzzer_PWM.o)
                0x00000f80                Buzzer_PWM_Enable
 .text.Buzzer_PWM_Stop
                0x00000f90       0x10 .\CortexM3\ARM_GCC_493\Debug\ZumoBot_Sumojaba.a(Buzzer_PWM.o)
                0x00000f90                Buzzer_PWM_Stop
 .text.Buzzer_PWM_WriteCounter
                0x00000fa0        0xc .\CortexM3\ARM_GCC_493\Debug\ZumoBot_Sumojaba.a(Buzzer_PWM.o)
                0x00000fa0                Buzzer_PWM_WriteCounter
 .text.Buzzer_PWM_WritePeriod
                0x00000fac        0xc .\CortexM3\ARM_GCC_493\Debug\ZumoBot_Sumojaba.a(Buzzer_PWM.o)
                0x00000fac                Buzzer_PWM_WritePeriod
 .text.Buzzer_PWM_WriteCompare
                0x00000fb8        0xc .\CortexM3\ARM_GCC_493\Debug\ZumoBot_Sumojaba.a(Buzzer_PWM.o)
                0x00000fb8                Buzzer_PWM_WriteCompare
 .text.Buzzer_PWM_Init
                0x00000fc4       0x34 .\CortexM3\ARM_GCC_493\Debug\ZumoBot_Sumojaba.a(Buzzer_PWM.o)
                0x00000fc4                Buzzer_PWM_Init
 .text.Buzzer_PWM_Start
                0x00000ff8       0x1c .\CortexM3\ARM_GCC_493\Debug\ZumoBot_Sumojaba.a(Buzzer_PWM.o)
                0x00000ff8                Buzzer_PWM_Start
 .text.L3_Write
                0x00001014       0x18 .\CortexM3\ARM_GCC_493\Debug\ZumoBot_Sumojaba.a(L3.o)
                0x00001014                L3_Write
 .text.L3_SetDriveMode
                0x0000102c       0x18 .\CortexM3\ARM_GCC_493\Debug\ZumoBot_Sumojaba.a(L3.o)
                0x0000102c                L3_SetDriveMode
 .text.Timer_L3_Enable
                0x00001044       0x28 .\CortexM3\ARM_GCC_493\Debug\ZumoBot_Sumojaba.a(Timer_L3.o)
                0x00001044                Timer_L3_Enable
 .text.Timer_L3_SetInterruptMode
                0x0000106c        0xc .\CortexM3\ARM_GCC_493\Debug\ZumoBot_Sumojaba.a(Timer_L3.o)
                0x0000106c                Timer_L3_SetInterruptMode
 .text.Timer_L3_ReadStatusRegister
                0x00001078        0xc .\CortexM3\ARM_GCC_493\Debug\ZumoBot_Sumojaba.a(Timer_L3.o)
                0x00001078                Timer_L3_ReadStatusRegister
 .text.Timer_L3_ReadPeriod
                0x00001084        0xc .\CortexM3\ARM_GCC_493\Debug\ZumoBot_Sumojaba.a(Timer_L3.o)
                0x00001084                Timer_L3_ReadPeriod
 .text.Timer_L3_WritePeriod
                0x00001090        0xc .\CortexM3\ARM_GCC_493\Debug\ZumoBot_Sumojaba.a(Timer_L3.o)
                0x00001090                Timer_L3_WritePeriod
 .text.Timer_L3_ReadCapture
                0x0000109c        0xc .\CortexM3\ARM_GCC_493\Debug\ZumoBot_Sumojaba.a(Timer_L3.o)
                0x0000109c                Timer_L3_ReadCapture
 .text.Timer_L3_WriteCounter
                0x000010a8        0xc .\CortexM3\ARM_GCC_493\Debug\ZumoBot_Sumojaba.a(Timer_L3.o)
                0x000010a8                Timer_L3_WriteCounter
 .text.Timer_L3_Init
                0x000010b4       0x68 .\CortexM3\ARM_GCC_493\Debug\ZumoBot_Sumojaba.a(Timer_L3.o)
                0x000010b4                Timer_L3_Init
 .text.Timer_L3_Start
                0x0000111c       0x1c .\CortexM3\ARM_GCC_493\Debug\ZumoBot_Sumojaba.a(Timer_L3.o)
                0x0000111c                Timer_L3_Start
 .text.Timer_R3_Enable
                0x00001138       0x28 .\CortexM3\ARM_GCC_493\Debug\ZumoBot_Sumojaba.a(Timer_R3.o)
                0x00001138                Timer_R3_Enable
 .text.Timer_R3_SetInterruptMode
                0x00001160        0xc .\CortexM3\ARM_GCC_493\Debug\ZumoBot_Sumojaba.a(Timer_R3.o)
                0x00001160                Timer_R3_SetInterruptMode
 .text.Timer_R3_ReadStatusRegister
                0x0000116c        0xc .\CortexM3\ARM_GCC_493\Debug\ZumoBot_Sumojaba.a(Timer_R3.o)
                0x0000116c                Timer_R3_ReadStatusRegister
 .text.Timer_R3_ReadPeriod
                0x00001178        0xc .\CortexM3\ARM_GCC_493\Debug\ZumoBot_Sumojaba.a(Timer_R3.o)
                0x00001178                Timer_R3_ReadPeriod
 .text.Timer_R3_WritePeriod
                0x00001184        0xc .\CortexM3\ARM_GCC_493\Debug\ZumoBot_Sumojaba.a(Timer_R3.o)
                0x00001184                Timer_R3_WritePeriod
 .text.Timer_R3_ReadCapture
                0x00001190        0xc .\CortexM3\ARM_GCC_493\Debug\ZumoBot_Sumojaba.a(Timer_R3.o)
                0x00001190                Timer_R3_ReadCapture
 .text.Timer_R3_WriteCounter
                0x0000119c        0xc .\CortexM3\ARM_GCC_493\Debug\ZumoBot_Sumojaba.a(Timer_R3.o)
                0x0000119c                Timer_R3_WriteCounter
 .text.Timer_R3_Init
                0x000011a8       0x68 .\CortexM3\ARM_GCC_493\Debug\ZumoBot_Sumojaba.a(Timer_R3.o)
                0x000011a8                Timer_R3_Init
 .text.Timer_R3_Start
                0x00001210       0x1c .\CortexM3\ARM_GCC_493\Debug\ZumoBot_Sumojaba.a(Timer_R3.o)
                0x00001210                Timer_R3_Start
 .text.Timer_R1_Enable
                0x0000122c       0x28 .\CortexM3\ARM_GCC_493\Debug\ZumoBot_Sumojaba.a(Timer_R1.o)
                0x0000122c                Timer_R1_Enable
 .text.Timer_R1_SetInterruptMode
                0x00001254        0xc .\CortexM3\ARM_GCC_493\Debug\ZumoBot_Sumojaba.a(Timer_R1.o)
                0x00001254                Timer_R1_SetInterruptMode
 .text.Timer_R1_ReadStatusRegister
                0x00001260        0xc .\CortexM3\ARM_GCC_493\Debug\ZumoBot_Sumojaba.a(Timer_R1.o)
                0x00001260                Timer_R1_ReadStatusRegister
 .text.Timer_R1_ReadPeriod
                0x0000126c        0xc .\CortexM3\ARM_GCC_493\Debug\ZumoBot_Sumojaba.a(Timer_R1.o)
                0x0000126c                Timer_R1_ReadPeriod
 .text.Timer_R1_WritePeriod
                0x00001278        0xc .\CortexM3\ARM_GCC_493\Debug\ZumoBot_Sumojaba.a(Timer_R1.o)
                0x00001278                Timer_R1_WritePeriod
 .text.Timer_R1_ReadCapture
                0x00001284        0xc .\CortexM3\ARM_GCC_493\Debug\ZumoBot_Sumojaba.a(Timer_R1.o)
                0x00001284                Timer_R1_ReadCapture
 .text.Timer_R1_WriteCounter
                0x00001290        0xc .\CortexM3\ARM_GCC_493\Debug\ZumoBot_Sumojaba.a(Timer_R1.o)
                0x00001290                Timer_R1_WriteCounter
 .text.Timer_R1_Init
                0x0000129c       0x68 .\CortexM3\ARM_GCC_493\Debug\ZumoBot_Sumojaba.a(Timer_R1.o)
                0x0000129c                Timer_R1_Init
 .text.Timer_R1_Start
                0x00001304       0x1c .\CortexM3\ARM_GCC_493\Debug\ZumoBot_Sumojaba.a(Timer_R1.o)
                0x00001304                Timer_R1_Start
 .text.R1_Write
                0x00001320       0x18 .\CortexM3\ARM_GCC_493\Debug\ZumoBot_Sumojaba.a(R1.o)
                0x00001320                R1_Write
 .text.R1_SetDriveMode
                0x00001338       0x18 .\CortexM3\ARM_GCC_493\Debug\ZumoBot_Sumojaba.a(R1.o)
                0x00001338                R1_SetDriveMode
 .text.R3_Write
                0x00001350       0x18 .\CortexM3\ARM_GCC_493\Debug\ZumoBot_Sumojaba.a(R3.o)
                0x00001350                R3_Write
 .text.R3_SetDriveMode
                0x00001368       0x18 .\CortexM3\ARM_GCC_493\Debug\ZumoBot_Sumojaba.a(R3.o)
                0x00001368                R3_SetDriveMode
 .text.Timer_L1_Enable
                0x00001380       0x28 .\CortexM3\ARM_GCC_493\Debug\ZumoBot_Sumojaba.a(Timer_L1.o)
                0x00001380                Timer_L1_Enable
 .text.Timer_L1_SetInterruptMode
                0x000013a8        0xc .\CortexM3\ARM_GCC_493\Debug\ZumoBot_Sumojaba.a(Timer_L1.o)
                0x000013a8                Timer_L1_SetInterruptMode
 .text.Timer_L1_ReadStatusRegister
                0x000013b4        0xc .\CortexM3\ARM_GCC_493\Debug\ZumoBot_Sumojaba.a(Timer_L1.o)
                0x000013b4                Timer_L1_ReadStatusRegister
 .text.Timer_L1_ReadPeriod
                0x000013c0        0xc .\CortexM3\ARM_GCC_493\Debug\ZumoBot_Sumojaba.a(Timer_L1.o)
                0x000013c0                Timer_L1_ReadPeriod
 .text.Timer_L1_WritePeriod
                0x000013cc        0xc .\CortexM3\ARM_GCC_493\Debug\ZumoBot_Sumojaba.a(Timer_L1.o)
                0x000013cc                Timer_L1_WritePeriod
 .text.Timer_L1_ReadCapture
                0x000013d8        0xc .\CortexM3\ARM_GCC_493\Debug\ZumoBot_Sumojaba.a(Timer_L1.o)
                0x000013d8                Timer_L1_ReadCapture
 .text.Timer_L1_WriteCounter
                0x000013e4        0xc .\CortexM3\ARM_GCC_493\Debug\ZumoBot_Sumojaba.a(Timer_L1.o)
                0x000013e4                Timer_L1_WriteCounter
 .text.Timer_L1_Init
                0x000013f0       0x68 .\CortexM3\ARM_GCC_493\Debug\ZumoBot_Sumojaba.a(Timer_L1.o)
                0x000013f0                Timer_L1_Init
 .text.Timer_L1_Start
                0x00001458       0x1c .\CortexM3\ARM_GCC_493\Debug\ZumoBot_Sumojaba.a(Timer_L1.o)
                0x00001458                Timer_L1_Start
 .text.L1_Write
                0x00001474       0x18 .\CortexM3\ARM_GCC_493\Debug\ZumoBot_Sumojaba.a(L1.o)
                0x00001474                L1_Write
 .text.L1_SetDriveMode
                0x0000148c       0x18 .\CortexM3\ARM_GCC_493\Debug\ZumoBot_Sumojaba.a(L1.o)
                0x0000148c                L1_SetDriveMode
 .text.SW1_Read
                0x000014a4       0x10 .\CortexM3\ARM_GCC_493\Debug\ZumoBot_Sumojaba.a(SW1.o)
                0x000014a4                SW1_Read
 *fill*         0x000014b4        0x4 
 .text          0x000014b8       0x20 .\CortexM3\ARM_GCC_493\Debug\ZumoBot_Sumojaba.a(CyBootAsmGnu.o)
                0x000014b8                CyDelayCycles
                0x000014c8                CyEnterCriticalSection
                0x000014d0                CyExitCriticalSection
 .text.__fpclassifyd
                0x000014d8       0x58 c:/program files (x86)/cypress/psoc creator/4.0/psoc creator/import/gnu/arm/4.9.3/bin/../lib/gcc/arm-none-eabi/4.9.3/../../../../arm-none-eabi/lib/armv7-m\libm.a(lib_a-s_fpclassify.o)
                0x000014d8                __fpclassifyd
 .text          0x00001530      0x370 c:/program files (x86)/cypress/psoc creator/4.0/psoc creator/import/gnu/arm/4.9.3/bin/../lib/gcc/arm-none-eabi/4.9.3/armv7-m\libgcc.a(_arm_addsubdf3.o)
                0x00001530                __aeabi_drsub
                0x00001538                __aeabi_dsub
                0x00001538                __subdf3
                0x0000153c                __aeabi_dadd
                0x0000153c                __adddf3
                0x000017b4                __floatunsidf
                0x000017b4                __aeabi_ui2d
                0x000017d4                __floatsidf
                0x000017d4                __aeabi_i2d
                0x000017f8                __aeabi_f2d
                0x000017f8                __extendsfdf2
                0x00001834                __floatundidf
                0x00001834                __aeabi_ul2d
                0x00001844                __floatdidf
                0x00001844                __aeabi_l2d
 .text          0x000018a0      0x424 c:/program files (x86)/cypress/psoc creator/4.0/psoc creator/import/gnu/arm/4.9.3/bin/../lib/gcc/arm-none-eabi/4.9.3/armv7-m\libgcc.a(_arm_muldivdf3.o)
                0x000018a0                __aeabi_dmul
                0x000018a0                __muldf3
                0x00001af4                __divdf3
                0x00001af4                __aeabi_ddiv
 .text          0x00001cc4      0x110 c:/program files (x86)/cypress/psoc creator/4.0/psoc creator/import/gnu/arm/4.9.3/bin/../lib/gcc/arm-none-eabi/4.9.3/armv7-m\libgcc.a(_arm_cmpdf2.o)
                0x00001cc4                __gtdf2
                0x00001cc4                __gedf2
                0x00001ccc                __ltdf2
                0x00001ccc                __ledf2
                0x00001cd4                __nedf2
                0x00001cd4                __eqdf2
                0x00001cd4                __cmpdf2
                0x00001d50                __aeabi_cdrcmple
                0x00001d60                __aeabi_cdcmpeq
                0x00001d60                __aeabi_cdcmple
                0x00001d70                __aeabi_dcmpeq
                0x00001d84                __aeabi_dcmplt
                0x00001d98                __aeabi_dcmple
                0x00001dac                __aeabi_dcmpge
                0x00001dc0                __aeabi_dcmpgt
 .text          0x00001dd4       0x50 c:/program files (x86)/cypress/psoc creator/4.0/psoc creator/import/gnu/arm/4.9.3/bin/../lib/gcc/arm-none-eabi/4.9.3/armv7-m\libgcc.a(_arm_fixdfsi.o)
                0x00001dd4                __aeabi_d2iz
                0x00001dd4                __fixdfsi
 .text          0x00001e24      0x21c c:/program files (x86)/cypress/psoc creator/4.0/psoc creator/import/gnu/arm/4.9.3/bin/../lib/gcc/arm-none-eabi/4.9.3/armv7-m\libgcc.a(_arm_addsubsf3.o)
                0x00001e24                __aeabi_frsub
                0x00001e2c                __subsf3
                0x00001e2c                __aeabi_fsub
                0x00001e30                __aeabi_fadd
                0x00001e30                __addsf3
                0x00001f90                __aeabi_ui2f
                0x00001f90                __floatunsisf
                0x00001f98                __aeabi_i2f
                0x00001f98                __floatsisf
                0x00001fb4                __aeabi_ul2f
                0x00001fb4                __floatundisf
                0x00001fc4                __aeabi_l2f
                0x00001fc4                __floatdisf
 .text          0x00002040      0x2a0 c:/program files (x86)/cypress/psoc creator/4.0/psoc creator/import/gnu/arm/4.9.3/bin/../lib/gcc/arm-none-eabi/4.9.3/armv7-m\libgcc.a(_arm_muldivsf3.o)
                0x00002040                __mulsf3
                0x00002040                __aeabi_fmul
                0x000021a8                __aeabi_fdiv
                0x000021a8                __divsf3
 .text          0x000022e0       0xec c:/program files (x86)/cypress/psoc creator/4.0/psoc creator/import/gnu/arm/4.9.3/bin/../lib/gcc/arm-none-eabi/4.9.3/armv7-m\libgcc.a(_arm_cmpsf2.o)
                0x000022e0                __gesf2
                0x000022e0                __gtsf2
                0x000022e8                __lesf2
                0x000022e8                __ltsf2
                0x000022f0                __nesf2
                0x000022f0                __eqsf2
                0x000022f0                __cmpsf2
                0x00002350                __aeabi_cfrcmple
                0x00002358                __aeabi_cfcmpeq
                0x00002358                __aeabi_cfcmple
                0x00002368                __aeabi_fcmpeq
                0x0000237c                __aeabi_fcmplt
                0x00002390                __aeabi_fcmple
                0x000023a4                __aeabi_fcmpge
                0x000023b8                __aeabi_fcmpgt
 .text          0x000023cc       0x60 c:/program files (x86)/cypress/psoc creator/4.0/psoc creator/import/gnu/arm/4.9.3/bin/../lib/gcc/arm-none-eabi/4.9.3/armv7-m\libgcc.a(bpabi.o)
                0x000023cc                __gnu_ldivmod_helper
                0x000023fc                __gnu_uldivmod_helper
 .text          0x0000242c        0x4 c:/program files (x86)/cypress/psoc creator/4.0/psoc creator/import/gnu/arm/4.9.3/bin/../lib/gcc/arm-none-eabi/4.9.3/armv7-m\libgcc.a(_dvmd_tls.o)
                0x0000242c                __aeabi_idiv0
                0x0000242c                __aeabi_ldiv0
 .text          0x00002430      0x2ac c:/program files (x86)/cypress/psoc creator/4.0/psoc creator/import/gnu/arm/4.9.3/bin/../lib/gcc/arm-none-eabi/4.9.3/armv7-m\libgcc.a(_divdi3.o)
                0x00002430                __divdi3
 .text          0x000026dc      0x270 c:/program files (x86)/cypress/psoc creator/4.0/psoc creator/import/gnu/arm/4.9.3/bin/../lib/gcc/arm-none-eabi/4.9.3/armv7-m\libgcc.a(_udivdi3.o)
                0x000026dc                __udivdi3
 .text.__errno  0x0000294c        0xc c:/program files (x86)/cypress/psoc creator/4.0/psoc creator/import/gnu/arm/4.9.3/bin/../lib/gcc/arm-none-eabi/4.9.3/../../../../arm-none-eabi/lib/armv7-m\libg.a(lib_a-errno.o)
                0x0000294c                __errno
 .text.__libc_init_array
                0x00002958       0x50 c:/program files (x86)/cypress/psoc creator/4.0/psoc creator/import/gnu/arm/4.9.3/bin/../lib/gcc/arm-none-eabi/4.9.3/../../../../arm-none-eabi/lib/armv7-m\libg.a(lib_a-init.o)
                0x00002958                __libc_init_array
 .text          0x000029a8       0xec c:/program files (x86)/cypress/psoc creator/4.0/psoc creator/import/gnu/arm/4.9.3/bin/../lib/gcc/arm-none-eabi/4.9.3/../../../../arm-none-eabi/lib/armv7-m\libg.a(lib_a-memcpy.o)
                0x000029a8                memcpy
 .text.memset   0x00002a94       0x9c c:/program files (x86)/cypress/psoc creator/4.0/psoc creator/import/gnu/arm/4.9.3/bin/../lib/gcc/arm-none-eabi/4.9.3/../../../../arm-none-eabi/lib/armv7-m\libg.a(lib_a-memset.o)
                0x00002a94                memset
 .text.printf   0x00002b30       0x28 c:/program files (x86)/cypress/psoc creator/4.0/psoc creator/import/gnu/arm/4.9.3/bin/../lib/gcc/arm-none-eabi/4.9.3/../../../../arm-none-eabi/lib/armv7-m\libg.a(lib_a-printf.o)
                0x00002b30                printf
 .text._puts_r  0x00002b58       0x60 c:/program files (x86)/cypress/psoc creator/4.0/psoc creator/import/gnu/arm/4.9.3/bin/../lib/gcc/arm-none-eabi/4.9.3/../../../../arm-none-eabi/lib/armv7-m\libg.a(lib_a-puts.o)
                0x00002b58                _puts_r
 .text.puts     0x00002bb8       0x10 c:/program files (x86)/cypress/psoc creator/4.0/psoc creator/import/gnu/arm/4.9.3/bin/../lib/gcc/arm-none-eabi/4.9.3/../../../../arm-none-eabi/lib/armv7-m\libg.a(lib_a-puts.o)
                0x00002bb8                puts
 .text.strlen   0x00002bc8       0x5c c:/program files (x86)/cypress/psoc creator/4.0/psoc creator/import/gnu/arm/4.9.3/bin/../lib/gcc/arm-none-eabi/4.9.3/../../../../arm-none-eabi/lib/armv7-m\libg.a(lib_a-strlen.o)
                0x00002bc8                strlen
 .text._vfprintf_r
                0x00002c24     0x1448 c:/program files (x86)/cypress/psoc creator/4.0/psoc creator/import/gnu/arm/4.9.3/bin/../lib/gcc/arm-none-eabi/4.9.3/../../../../arm-none-eabi/lib/armv7-m\libg.a(lib_a-vfprintf.o)
                0x00002c24                _vfprintf_r
 .text.__sbprintf
                0x0000406c       0x7c c:/program files (x86)/cypress/psoc creator/4.0/psoc creator/import/gnu/arm/4.9.3/bin/../lib/gcc/arm-none-eabi/4.9.3/../../../../arm-none-eabi/lib/armv7-m\libg.a(lib_a-vfprintf.o)
 .text.__swsetup_r
                0x000040e8       0xc4 c:/program files (x86)/cypress/psoc creator/4.0/psoc creator/import/gnu/arm/4.9.3/bin/../lib/gcc/arm-none-eabi/4.9.3/../../../../arm-none-eabi/lib/armv7-m\libg.a(lib_a-wsetup.o)
                0x000040e8                __swsetup_r
 .text.startup.register_fini
                0x000041ac       0x14 c:/program files (x86)/cypress/psoc creator/4.0/psoc creator/import/gnu/arm/4.9.3/bin/../lib/gcc/arm-none-eabi/4.9.3/../../../../arm-none-eabi/lib/armv7-m\libg.a(lib_a-__call_atexit.o)
 .text.atexit   0x000041c0        0xc c:/program files (x86)/cypress/psoc creator/4.0/psoc creator/import/gnu/arm/4.9.3/bin/../lib/gcc/arm-none-eabi/4.9.3/../../../../arm-none-eabi/lib/armv7-m\libg.a(lib_a-atexit.o)
                0x000041c0                atexit
 .text.quorem   0x000041cc      0x130 c:/program files (x86)/cypress/psoc creator/4.0/psoc creator/import/gnu/arm/4.9.3/bin/../lib/gcc/arm-none-eabi/4.9.3/../../../../arm-none-eabi/lib/armv7-m\libg.a(lib_a-dtoa.o)
 *fill*         0x000042fc        0x4 
 .text._dtoa_r  0x00004300      0xea8 c:/program files (x86)/cypress/psoc creator/4.0/psoc creator/import/gnu/arm/4.9.3/bin/../lib/gcc/arm-none-eabi/4.9.3/../../../../arm-none-eabi/lib/armv7-m\libg.a(lib_a-dtoa.o)
                0x00004300                _dtoa_r
 .text.__sflush_r
                0x000051a8      0x148 c:/program files (x86)/cypress/psoc creator/4.0/psoc creator/import/gnu/arm/4.9.3/bin/../lib/gcc/arm-none-eabi/4.9.3/../../../../arm-none-eabi/lib/armv7-m\libg.a(lib_a-fflush.o)
                0x000051a8                __sflush_r
 .text._fflush_r
                0x000052f0       0x2c c:/program files (x86)/cypress/psoc creator/4.0/psoc creator/import/gnu/arm/4.9.3/bin/../lib/gcc/arm-none-eabi/4.9.3/../../../../arm-none-eabi/lib/armv7-m\libg.a(lib_a-fflush.o)
                0x000052f0                _fflush_r
 .text._cleanup_r
                0x0000531c        0xc c:/program files (x86)/cypress/psoc creator/4.0/psoc creator/import/gnu/arm/4.9.3/bin/../lib/gcc/arm-none-eabi/4.9.3/../../../../arm-none-eabi/lib/armv7-m\libg.a(lib_a-findfp.o)
                0x0000531c                _cleanup_r
 .text.__sinit.part.1
                0x00005328       0xf0 c:/program files (x86)/cypress/psoc creator/4.0/psoc creator/import/gnu/arm/4.9.3/bin/../lib/gcc/arm-none-eabi/4.9.3/../../../../arm-none-eabi/lib/armv7-m\libg.a(lib_a-findfp.o)
 .text.__sinit  0x00005418        0xc c:/program files (x86)/cypress/psoc creator/4.0/psoc creator/import/gnu/arm/4.9.3/bin/../lib/gcc/arm-none-eabi/4.9.3/../../../../arm-none-eabi/lib/armv7-m\libg.a(lib_a-findfp.o)
                0x00005418                __sinit
 .text.__sfp_lock_acquire
                0x00005424        0x4 c:/program files (x86)/cypress/psoc creator/4.0/psoc creator/import/gnu/arm/4.9.3/bin/../lib/gcc/arm-none-eabi/4.9.3/../../../../arm-none-eabi/lib/armv7-m\libg.a(lib_a-findfp.o)
                0x00005424                __sfp_lock_acquire
 .text.__sfp_lock_release
                0x00005428        0x4 c:/program files (x86)/cypress/psoc creator/4.0/psoc creator/import/gnu/arm/4.9.3/bin/../lib/gcc/arm-none-eabi/4.9.3/../../../../arm-none-eabi/lib/armv7-m\libg.a(lib_a-findfp.o)
                0x00005428                __sfp_lock_release
 .text.__libc_fini_array
                0x0000542c       0x2c c:/program files (x86)/cypress/psoc creator/4.0/psoc creator/import/gnu/arm/4.9.3/bin/../lib/gcc/arm-none-eabi/4.9.3/../../../../arm-none-eabi/lib/armv7-m\libg.a(lib_a-fini.o)
                0x0000542c                __libc_fini_array
 .text._malloc_trim_r
                0x00005458       0x9c c:/program files (x86)/cypress/psoc creator/4.0/psoc creator/import/gnu/arm/4.9.3/bin/../lib/gcc/arm-none-eabi/4.9.3/../../../../arm-none-eabi/lib/armv7-m\libg.a(lib_a-freer.o)
                0x00005458                _malloc_trim_r
 .text._free_r  0x000054f4      0x1b0 c:/program files (x86)/cypress/psoc creator/4.0/psoc creator/import/gnu/arm/4.9.3/bin/../lib/gcc/arm-none-eabi/4.9.3/../../../../arm-none-eabi/lib/armv7-m\libg.a(lib_a-freer.o)
                0x000054f4                _free_r
 .text.__sfvwrite_r
                0x000056a4      0x320 c:/program files (x86)/cypress/psoc creator/4.0/psoc creator/import/gnu/arm/4.9.3/bin/../lib/gcc/arm-none-eabi/4.9.3/../../../../arm-none-eabi/lib/armv7-m\libg.a(lib_a-fvwrite.o)
                0x000056a4                __sfvwrite_r
 .text._fwalk_reent
                0x000059c4       0x50 c:/program files (x86)/cypress/psoc creator/4.0/psoc creator/import/gnu/arm/4.9.3/bin/../lib/gcc/arm-none-eabi/4.9.3/../../../../arm-none-eabi/lib/armv7-m\libg.a(lib_a-fwalk.o)
                0x000059c4                _fwalk_reent
 .text.__locale_charset
                0x00005a14        0x8 c:/program files (x86)/cypress/psoc creator/4.0/psoc creator/import/gnu/arm/4.9.3/bin/../lib/gcc/arm-none-eabi/4.9.3/../../../../arm-none-eabi/lib/armv7-m\libg.a(lib_a-locale.o)
                0x00005a14                __locale_charset
 .text.__locale_mb_cur_max
                0x00005a1c        0xc c:/program files (x86)/cypress/psoc creator/4.0/psoc creator/import/gnu/arm/4.9.3/bin/../lib/gcc/arm-none-eabi/4.9.3/../../../../arm-none-eabi/lib/armv7-m\libg.a(lib_a-locale.o)
                0x00005a1c                __locale_mb_cur_max
 .text._localeconv_r
                0x00005a28        0x8 c:/program files (x86)/cypress/psoc creator/4.0/psoc creator/import/gnu/arm/4.9.3/bin/../lib/gcc/arm-none-eabi/4.9.3/../../../../arm-none-eabi/lib/armv7-m\libg.a(lib_a-locale.o)
                0x00005a28                _localeconv_r
 .text.__smakebuf_r
                0x00005a30       0xe0 c:/program files (x86)/cypress/psoc creator/4.0/psoc creator/import/gnu/arm/4.9.3/bin/../lib/gcc/arm-none-eabi/4.9.3/../../../../arm-none-eabi/lib/armv7-m\libg.a(lib_a-makebuf.o)
                0x00005a30                __smakebuf_r
 .text._malloc_r
                0x00005b10      0x50c c:/program files (x86)/cypress/psoc creator/4.0/psoc creator/import/gnu/arm/4.9.3/bin/../lib/gcc/arm-none-eabi/4.9.3/../../../../arm-none-eabi/lib/armv7-m\libg.a(lib_a-mallocr.o)
                0x00005b10                _malloc_r
 .text.memchr   0x0000601c       0x94 c:/program files (x86)/cypress/psoc creator/4.0/psoc creator/import/gnu/arm/4.9.3/bin/../lib/gcc/arm-none-eabi/4.9.3/../../../../arm-none-eabi/lib/armv7-m\libg.a(lib_a-memchr.o)
                0x0000601c                memchr
 .text.memmove  0x000060b0       0xc8 c:/program files (x86)/cypress/psoc creator/4.0/psoc creator/import/gnu/arm/4.9.3/bin/../lib/gcc/arm-none-eabi/4.9.3/../../../../arm-none-eabi/lib/armv7-m\libg.a(lib_a-memmove.o)
                0x000060b0                memmove
 .text.__malloc_lock
                0x00006178        0x4 c:/program files (x86)/cypress/psoc creator/4.0/psoc creator/import/gnu/arm/4.9.3/bin/../lib/gcc/arm-none-eabi/4.9.3/../../../../arm-none-eabi/lib/armv7-m\libg.a(lib_a-mlock.o)
                0x00006178                __malloc_lock
 .text.__malloc_unlock
                0x0000617c        0x4 c:/program files (x86)/cypress/psoc creator/4.0/psoc creator/import/gnu/arm/4.9.3/bin/../lib/gcc/arm-none-eabi/4.9.3/../../../../arm-none-eabi/lib/armv7-m\libg.a(lib_a-mlock.o)
                0x0000617c                __malloc_unlock
 .text._Balloc  0x00006180       0x50 c:/program files (x86)/cypress/psoc creator/4.0/psoc creator/import/gnu/arm/4.9.3/bin/../lib/gcc/arm-none-eabi/4.9.3/../../../../arm-none-eabi/lib/armv7-m\libg.a(lib_a-mprec.o)
                0x00006180                _Balloc
 .text._Bfree   0x000061d0       0x14 c:/program files (x86)/cypress/psoc creator/4.0/psoc creator/import/gnu/arm/4.9.3/bin/../lib/gcc/arm-none-eabi/4.9.3/../../../../arm-none-eabi/lib/armv7-m\libg.a(lib_a-mprec.o)
                0x000061d0                _Bfree
 .text.__multadd
                0x000061e4       0x84 c:/program files (x86)/cypress/psoc creator/4.0/psoc creator/import/gnu/arm/4.9.3/bin/../lib/gcc/arm-none-eabi/4.9.3/../../../../arm-none-eabi/lib/armv7-m\libg.a(lib_a-mprec.o)
                0x000061e4                __multadd
 .text.__hi0bits
                0x00006268       0x40 c:/program files (x86)/cypress/psoc creator/4.0/psoc creator/import/gnu/arm/4.9.3/bin/../lib/gcc/arm-none-eabi/4.9.3/../../../../arm-none-eabi/lib/armv7-m\libg.a(lib_a-mprec.o)
                0x00006268                __hi0bits
 .text.__lo0bits
                0x000062a8       0x5c c:/program files (x86)/cypress/psoc creator/4.0/psoc creator/import/gnu/arm/4.9.3/bin/../lib/gcc/arm-none-eabi/4.9.3/../../../../arm-none-eabi/lib/armv7-m\libg.a(lib_a-mprec.o)
                0x000062a8                __lo0bits
 .text.__i2b    0x00006304       0x14 c:/program files (x86)/cypress/psoc creator/4.0/psoc creator/import/gnu/arm/4.9.3/bin/../lib/gcc/arm-none-eabi/4.9.3/../../../../arm-none-eabi/lib/armv7-m\libg.a(lib_a-mprec.o)
                0x00006304                __i2b
 .text.__multiply
                0x00006318      0x140 c:/program files (x86)/cypress/psoc creator/4.0/psoc creator/import/gnu/arm/4.9.3/bin/../lib/gcc/arm-none-eabi/4.9.3/../../../../arm-none-eabi/lib/armv7-m\libg.a(lib_a-mprec.o)
                0x00006318                __multiply
 .text.__pow5mult
                0x00006458       0xa0 c:/program files (x86)/cypress/psoc creator/4.0/psoc creator/import/gnu/arm/4.9.3/bin/../lib/gcc/arm-none-eabi/4.9.3/../../../../arm-none-eabi/lib/armv7-m\libg.a(lib_a-mprec.o)
                0x00006458                __pow5mult
 .text.__lshift
                0x000064f8       0xb0 c:/program files (x86)/cypress/psoc creator/4.0/psoc creator/import/gnu/arm/4.9.3/bin/../lib/gcc/arm-none-eabi/4.9.3/../../../../arm-none-eabi/lib/armv7-m\libg.a(lib_a-mprec.o)
                0x000064f8                __lshift
 .text.__mcmp   0x000065a8       0x48 c:/program files (x86)/cypress/psoc creator/4.0/psoc creator/import/gnu/arm/4.9.3/bin/../lib/gcc/arm-none-eabi/4.9.3/../../../../arm-none-eabi/lib/armv7-m\libg.a(lib_a-mprec.o)
                0x000065a8                __mcmp
 .text.__mdiff  0x000065f0       0xe4 c:/program files (x86)/cypress/psoc creator/4.0/psoc creator/import/gnu/arm/4.9.3/bin/../lib/gcc/arm-none-eabi/4.9.3/../../../../arm-none-eabi/lib/armv7-m\libg.a(lib_a-mprec.o)
                0x000065f0                __mdiff
 .text.__d2b    0x000066d4       0xa8 c:/program files (x86)/cypress/psoc creator/4.0/psoc creator/import/gnu/arm/4.9.3/bin/../lib/gcc/arm-none-eabi/4.9.3/../../../../arm-none-eabi/lib/armv7-m\libg.a(lib_a-mprec.o)
                0x000066d4                __d2b
 .text._realloc_r
                0x0000677c      0x3e0 c:/program files (x86)/cypress/psoc creator/4.0/psoc creator/import/gnu/arm/4.9.3/bin/../lib/gcc/arm-none-eabi/4.9.3/../../../../arm-none-eabi/lib/armv7-m\libg.a(lib_a-reallocr.o)
                0x0000677c                _realloc_r
 .text._sbrk_r  0x00006b5c       0x24 c:/program files (x86)/cypress/psoc creator/4.0/psoc creator/import/gnu/arm/4.9.3/bin/../lib/gcc/arm-none-eabi/4.9.3/../../../../arm-none-eabi/lib/armv7-m\libg.a(lib_a-sbrkr.o)
                0x00006b5c                _sbrk_r
 .text.__sread  0x00006b80       0x24 c:/program files (x86)/cypress/psoc creator/4.0/psoc creator/import/gnu/arm/4.9.3/bin/../lib/gcc/arm-none-eabi/4.9.3/../../../../arm-none-eabi/lib/armv7-m\libg.a(lib_a-stdio.o)
                0x00006b80                __sread
 .text.__swrite
                0x00006ba4       0x38 c:/program files (x86)/cypress/psoc creator/4.0/psoc creator/import/gnu/arm/4.9.3/bin/../lib/gcc/arm-none-eabi/4.9.3/../../../../arm-none-eabi/lib/armv7-m\libg.a(lib_a-stdio.o)
                0x00006ba4                __swrite
 .text.__sseek  0x00006bdc       0x20 c:/program files (x86)/cypress/psoc creator/4.0/psoc creator/import/gnu/arm/4.9.3/bin/../lib/gcc/arm-none-eabi/4.9.3/../../../../arm-none-eabi/lib/armv7-m\libg.a(lib_a-stdio.o)
                0x00006bdc                __sseek
 .text.__sclose
                0x00006bfc        0x8 c:/program files (x86)/cypress/psoc creator/4.0/psoc creator/import/gnu/arm/4.9.3/bin/../lib/gcc/arm-none-eabi/4.9.3/../../../../arm-none-eabi/lib/armv7-m\libg.a(lib_a-stdio.o)
                0x00006bfc                __sclose
 .text.__sprint_r.part.0
                0x00006c04       0x78 c:/program files (x86)/cypress/psoc creator/4.0/psoc creator/import/gnu/arm/4.9.3/bin/../lib/gcc/arm-none-eabi/4.9.3/../../../../arm-none-eabi/lib/armv7-m\libg.a(lib_a-vfiprintf.o)
 .text.__sprint_r
                0x00006c7c       0x18 c:/program files (x86)/cypress/psoc creator/4.0/psoc creator/import/gnu/arm/4.9.3/bin/../lib/gcc/arm-none-eabi/4.9.3/../../../../arm-none-eabi/lib/armv7-m\libg.a(lib_a-vfiprintf.o)
                0x00006c7c                __sprint_r
 .text._write_r
                0x00006c94       0x28 c:/program files (x86)/cypress/psoc creator/4.0/psoc creator/import/gnu/arm/4.9.3/bin/../lib/gcc/arm-none-eabi/4.9.3/../../../../arm-none-eabi/lib/armv7-m\libg.a(lib_a-writer.o)
                0x00006c94                _write_r
 .text.__register_exitproc
                0x00006cbc       0xa4 c:/program files (x86)/cypress/psoc creator/4.0/psoc creator/import/gnu/arm/4.9.3/bin/../lib/gcc/arm-none-eabi/4.9.3/../../../../arm-none-eabi/lib/armv7-m\libg.a(lib_a-__atexit.o)
                0x00006cbc                __register_exitproc
 .text._calloc_r
                0x00006d60       0x60 c:/program files (x86)/cypress/psoc creator/4.0/psoc creator/import/gnu/arm/4.9.3/bin/../lib/gcc/arm-none-eabi/4.9.3/../../../../arm-none-eabi/lib/armv7-m\libg.a(lib_a-callocr.o)
                0x00006d60                _calloc_r
 .text._close_r
                0x00006dc0       0x24 c:/program files (x86)/cypress/psoc creator/4.0/psoc creator/import/gnu/arm/4.9.3/bin/../lib/gcc/arm-none-eabi/4.9.3/../../../../arm-none-eabi/lib/armv7-m\libg.a(lib_a-closer.o)
                0x00006dc0                _close_r
 .text._fclose_r
                0x00006de4       0x84 c:/program files (x86)/cypress/psoc creator/4.0/psoc creator/import/gnu/arm/4.9.3/bin/../lib/gcc/arm-none-eabi/4.9.3/../../../../arm-none-eabi/lib/armv7-m\libg.a(lib_a-fclose.o)
                0x00006de4                _fclose_r
 .text.__fputwc
                0x00006e68       0xb0 c:/program files (x86)/cypress/psoc creator/4.0/psoc creator/import/gnu/arm/4.9.3/bin/../lib/gcc/arm-none-eabi/4.9.3/../../../../arm-none-eabi/lib/armv7-m\libg.a(lib_a-fputwc.o)
                0x00006e68                __fputwc
 .text._fputwc_r
                0x00006f18       0x24 c:/program files (x86)/cypress/psoc creator/4.0/psoc creator/import/gnu/arm/4.9.3/bin/../lib/gcc/arm-none-eabi/4.9.3/../../../../arm-none-eabi/lib/armv7-m\libg.a(lib_a-fputwc.o)
                0x00006f18                _fputwc_r
 .text._fstat_r
                0x00006f3c       0x28 c:/program files (x86)/cypress/psoc creator/4.0/psoc creator/import/gnu/arm/4.9.3/bin/../lib/gcc/arm-none-eabi/4.9.3/../../../../arm-none-eabi/lib/armv7-m\libg.a(lib_a-fstatr.o)
                0x00006f3c                _fstat_r
 .text._isatty_r
                0x00006f64       0x24 c:/program files (x86)/cypress/psoc creator/4.0/psoc creator/import/gnu/arm/4.9.3/bin/../lib/gcc/arm-none-eabi/4.9.3/../../../../arm-none-eabi/lib/armv7-m\libg.a(lib_a-isattyr.o)
                0x00006f64                _isatty_r
 .text._lseek_r
                0x00006f88       0x28 c:/program files (x86)/cypress/psoc creator/4.0/psoc creator/import/gnu/arm/4.9.3/bin/../lib/gcc/arm-none-eabi/4.9.3/../../../../arm-none-eabi/lib/armv7-m\libg.a(lib_a-lseekr.o)
                0x00006f88                _lseek_r
 .text._read_r  0x00006fb0       0x28 c:/program files (x86)/cypress/psoc creator/4.0/psoc creator/import/gnu/arm/4.9.3/bin/../lib/gcc/arm-none-eabi/4.9.3/../../../../arm-none-eabi/lib/armv7-m\libg.a(lib_a-readr.o)
                0x00006fb0                _read_r
 .text.__swbuf_r
                0x00006fd8       0xa8 c:/program files (x86)/cypress/psoc creator/4.0/psoc creator/import/gnu/arm/4.9.3/bin/../lib/gcc/arm-none-eabi/4.9.3/../../../../arm-none-eabi/lib/armv7-m\libg.a(lib_a-wbuf.o)
                0x00006fd8                __swbuf_r
 .text._wcrtomb_r
                0x00007080       0x54 c:/program files (x86)/cypress/psoc creator/4.0/psoc creator/import/gnu/arm/4.9.3/bin/../lib/gcc/arm-none-eabi/4.9.3/../../../../arm-none-eabi/lib/armv7-m\libg.a(lib_a-wcrtomb.o)
                0x00007080                _wcrtomb_r
 .text.__ascii_wctomb
                0x000070d4       0x1c c:/program files (x86)/cypress/psoc creator/4.0/psoc creator/import/gnu/arm/4.9.3/bin/../lib/gcc/arm-none-eabi/4.9.3/../../../../arm-none-eabi/lib/armv7-m\libg.a(lib_a-wctomb_r.o)
                0x000070d4                __ascii_wctomb
 .text          0x000070f0       0x30 c:/program files (x86)/cypress/psoc creator/4.0/psoc creator/import/gnu/arm/4.9.3/bin/../lib/gcc/arm-none-eabi/4.9.3/armv7-m\libgcc.a(_aeabi_uldivmod.o)
                0x000070f0                __aeabi_uldivmod
 .text._close   0x00007120       0x10 c:/program files (x86)/cypress/psoc creator/4.0/psoc creator/import/gnu/arm/4.9.3/bin/../lib/gcc/arm-none-eabi/4.9.3/../../../../arm-none-eabi/lib/armv7-m\libnosys.a(close.o)
                0x00007120                _close
 .text._fstat   0x00007130       0x10 c:/program files (x86)/cypress/psoc creator/4.0/psoc creator/import/gnu/arm/4.9.3/bin/../lib/gcc/arm-none-eabi/4.9.3/../../../../arm-none-eabi/lib/armv7-m\libnosys.a(fstat.o)
                0x00007130                _fstat
 .text._isatty  0x00007140       0x10 c:/program files (x86)/cypress/psoc creator/4.0/psoc creator/import/gnu/arm/4.9.3/bin/../lib/gcc/arm-none-eabi/4.9.3/../../../../arm-none-eabi/lib/armv7-m\libnosys.a(isatty.o)
                0x00007140                _isatty
 .text._lseek   0x00007150       0x10 c:/program files (x86)/cypress/psoc creator/4.0/psoc creator/import/gnu/arm/4.9.3/bin/../lib/gcc/arm-none-eabi/4.9.3/../../../../arm-none-eabi/lib/armv7-m\libnosys.a(lseek.o)
                0x00007150                _lseek
 *(.plt)
 *(.gnu.warning)
 *(.glue_7t)
 .glue_7t       0x00000000        0x0 linker stubs
 *(.glue_7)
 .glue_7        0x00000000        0x0 linker stubs
 *(.vfp11_veneer)
 .vfp11_veneer  0x00000000        0x0 linker stubs
 *(.bootloader)
 *(.ARM.extab* .gnu.linkonce.armextab.*)
 *(.gcc_except_table)

.v4_bx          0x00007160        0x0
 .v4_bx         0x00000000        0x0 linker stubs

.iplt           0x00007160        0x0
 .iplt          0x00000000        0x0 c:/program files (x86)/cypress/psoc creator/4.0/psoc creator/import/gnu/arm/4.9.3/bin/../lib/gcc/arm-none-eabi/4.9.3/armv7-m/crtbegin.o

.eh_frame_hdr
 *(.eh_frame_hdr)

.eh_frame       0x00007160        0x4
 *(.eh_frame)
 .eh_frame      0x00007160        0x0 c:/program files (x86)/cypress/psoc creator/4.0/psoc creator/import/gnu/arm/4.9.3/bin/../lib/gcc/arm-none-eabi/4.9.3/armv7-m/crtbegin.o
 .eh_frame      0x00007160        0x0 c:/program files (x86)/cypress/psoc creator/4.0/psoc creator/import/gnu/arm/4.9.3/bin/../lib/gcc/arm-none-eabi/4.9.3/../../../../arm-none-eabi/lib/armv7-m\libg.a(lib_a-strcmp.o)
                                 0x38 (size before relaxing)
 .eh_frame      0x00007160        0x4 c:/program files (x86)/cypress/psoc creator/4.0/psoc creator/import/gnu/arm/4.9.3/bin/../lib/gcc/arm-none-eabi/4.9.3/armv7-m/crtend.o
                0x00007164                PROVIDE (__exidx_start, .)

.ARM.exidx      0x00007164        0x8
 *(.ARM.exidx* .gnu.linkonce.armexidx.*)
 .ARM.exidx     0x00007164        0x8 c:/program files (x86)/cypress/psoc creator/4.0/psoc creator/import/gnu/arm/4.9.3/bin/../lib/gcc/arm-none-eabi/4.9.3/armv7-m\libgcc.a(_divdi3.o)
 .ARM.exidx     0x0000716c        0x0 c:/program files (x86)/cypress/psoc creator/4.0/psoc creator/import/gnu/arm/4.9.3/bin/../lib/gcc/arm-none-eabi/4.9.3/armv7-m\libgcc.a(_udivdi3.o)
                                  0x8 (size before relaxing)
                0x0000716c                __exidx_end = .

.rodata         0x00007170      0x218
 *(.rodata .rodata.* .gnu.linkonce.r.*)
 .rodata.str1.4
                0x00007170       0x1e .\CortexM3\ARM_GCC_493\Debug\main.o
                                 0x20 (size before relaxing)
 *fill*         0x0000718e        0x2 
 .rodata        0x00007190       0x3c .\CortexM3\ARM_GCC_493\Debug\ZumoBot_Sumojaba.a(cyfitter_cfg.o)
 .rodata.str1.4
                0x000071cc        0x2 c:/program files (x86)/cypress/psoc creator/4.0/psoc creator/import/gnu/arm/4.9.3/bin/../lib/gcc/arm-none-eabi/4.9.3/../../../../arm-none-eabi/lib/armv7-m\libg.a(lib_a-impure.o)
                                  0x4 (size before relaxing)
 *fill*         0x000071ce        0x2 
 .rodata._global_impure_ptr
                0x000071d0        0x4 c:/program files (x86)/cypress/psoc creator/4.0/psoc creator/import/gnu/arm/4.9.3/bin/../lib/gcc/arm-none-eabi/4.9.3/../../../../arm-none-eabi/lib/armv7-m\libg.a(lib_a-impure.o)
                0x000071d0                _global_impure_ptr
 .rodata.str1.4
                0x00000000        0x2 c:/program files (x86)/cypress/psoc creator/4.0/psoc creator/import/gnu/arm/4.9.3/bin/../lib/gcc/arm-none-eabi/4.9.3/../../../../arm-none-eabi/lib/armv7-m\libg.a(lib_a-puts.o)
                                  0x4 (size before relaxing)
 .rodata.zeroes.6931
                0x000071d4       0x10 c:/program files (x86)/cypress/psoc creator/4.0/psoc creator/import/gnu/arm/4.9.3/bin/../lib/gcc/arm-none-eabi/4.9.3/../../../../arm-none-eabi/lib/armv7-m\libg.a(lib_a-vfprintf.o)
 .rodata.str1.4
                0x000071e4       0x42 c:/program files (x86)/cypress/psoc creator/4.0/psoc creator/import/gnu/arm/4.9.3/bin/../lib/gcc/arm-none-eabi/4.9.3/../../../../arm-none-eabi/lib/armv7-m\libg.a(lib_a-vfprintf.o)
                                 0x44 (size before relaxing)
 *fill*         0x00007226        0x2 
 .rodata.blanks.6930
                0x00007228       0x10 c:/program files (x86)/cypress/psoc creator/4.0/psoc creator/import/gnu/arm/4.9.3/bin/../lib/gcc/arm-none-eabi/4.9.3/../../../../arm-none-eabi/lib/armv7-m\libg.a(lib_a-vfprintf.o)
 .rodata.str1.4
                0x00007238       0x10 c:/program files (x86)/cypress/psoc creator/4.0/psoc creator/import/gnu/arm/4.9.3/bin/../lib/gcc/arm-none-eabi/4.9.3/../../../../arm-none-eabi/lib/armv7-m\libg.a(lib_a-dtoa.o)
                                 0x14 (size before relaxing)
 .rodata.str1.4
                0x00007248        0xc c:/program files (x86)/cypress/psoc creator/4.0/psoc creator/import/gnu/arm/4.9.3/bin/../lib/gcc/arm-none-eabi/4.9.3/../../../../arm-none-eabi/lib/armv7-m\libg.a(lib_a-locale.o)
                                 0x14 (size before relaxing)
 .rodata.p05.5296
                0x00007254        0xc c:/program files (x86)/cypress/psoc creator/4.0/psoc creator/import/gnu/arm/4.9.3/bin/../lib/gcc/arm-none-eabi/4.9.3/../../../../arm-none-eabi/lib/armv7-m\libg.a(lib_a-mprec.o)
 .rodata.__mprec_tens
                0x00007260       0xc8 c:/program files (x86)/cypress/psoc creator/4.0/psoc creator/import/gnu/arm/4.9.3/bin/../lib/gcc/arm-none-eabi/4.9.3/../../../../arm-none-eabi/lib/armv7-m\libg.a(lib_a-mprec.o)
                0x00007260                __mprec_tens
 .rodata.__mprec_bigtens
                0x00007328       0x28 c:/program files (x86)/cypress/psoc creator/4.0/psoc creator/import/gnu/arm/4.9.3/bin/../lib/gcc/arm-none-eabi/4.9.3/../../../../arm-none-eabi/lib/armv7-m\libg.a(lib_a-mprec.o)
                0x00007328                __mprec_bigtens
                0x00007350                . = ALIGN (0x4)
 *(.init)
 .init          0x00007350        0x4 c:/program files (x86)/cypress/psoc creator/4.0/psoc creator/import/gnu/arm/4.9.3/bin/../lib/gcc/arm-none-eabi/4.9.3/armv7-m/crti.o
                0x00007350                _init
 .init          0x00007354        0x8 c:/program files (x86)/cypress/psoc creator/4.0/psoc creator/import/gnu/arm/4.9.3/bin/../lib/gcc/arm-none-eabi/4.9.3/armv7-m/crtn.o
                0x0000735c                . = ALIGN (0x4)
                0x0000735c                __preinit_array_start = .
 *(.preinit_array)
                0x0000735c                __preinit_array_end = .
                0x0000735c                . = ALIGN (0x4)
                0x0000735c                __init_array_start = .
 *(SORT(.init_array.*))
 .init_array.00000
                0x0000735c        0x4 c:/program files (x86)/cypress/psoc creator/4.0/psoc creator/import/gnu/arm/4.9.3/bin/../lib/gcc/arm-none-eabi/4.9.3/../../../../arm-none-eabi/lib/armv7-m\libg.a(lib_a-__call_atexit.o)
 *(.init_array)
 .init_array    0x00007360        0x4 c:/program files (x86)/cypress/psoc creator/4.0/psoc creator/import/gnu/arm/4.9.3/bin/../lib/gcc/arm-none-eabi/4.9.3/armv7-m/crtbegin.o
 .init_array    0x00007364        0x4 .\CortexM3\ARM_GCC_493\Debug\Cm3Start.o
                0x00007368                __init_array_end = .
                0x00007368                . = ALIGN (0x4)
 *(.fini)
 .fini          0x00007368        0x4 c:/program files (x86)/cypress/psoc creator/4.0/psoc creator/import/gnu/arm/4.9.3/bin/../lib/gcc/arm-none-eabi/4.9.3/armv7-m/crti.o
                0x00007368                _fini
 .fini          0x0000736c        0x8 c:/program files (x86)/cypress/psoc creator/4.0/psoc creator/import/gnu/arm/4.9.3/bin/../lib/gcc/arm-none-eabi/4.9.3/armv7-m/crtn.o
                0x00007374                . = ALIGN (0x4)
                0x00007374                __fini_array_start = .
 *(.fini_array)
 .fini_array    0x00007374        0x4 c:/program files (x86)/cypress/psoc creator/4.0/psoc creator/import/gnu/arm/4.9.3/bin/../lib/gcc/arm-none-eabi/4.9.3/armv7-m/crtbegin.o
 *(SORT(.fini_array.*))
                0x00007378                __fini_array_end = .
                0x00007378                . = ALIGN (0x4)
 *crtbegin.o(.ctors)
 *(EXCLUDE_FILE(*crtend.o) .ctors)
 *(SORT(.ctors.*))
 *crtend.o(.ctors)
                0x00007378                . = ALIGN (0x4)
 *crtbegin.o(.dtors)
 *(EXCLUDE_FILE(*crtend.o) .dtors)
 *(SORT(.dtors.*))
 *crtend.o(.dtors)
                0x00007378                . = ALIGN (0x4)
                0x00007378                __cy_regions = .
                0x00007378        0x4 LONG 0x7388 __cy_region_init_ram
                0x0000737c        0x4 LONG 0x1fff8108 __cy_region_start_data
                0x00007380        0x4 LONG 0x8b8 __cy_region_init_size_ram
                0x00007384        0x4 LONG 0x80 __cy_region_zero_size_ram
                0x00007388                __cy_regions_end = .
                0x00007388                . = ALIGN (0x8)
                0x00007388                _etext = .

.cy_checksum_exclude
                0x00007388        0x0
 *(.cy_checksum_exclude)

.ramvectors     0x1fff8000      0x100
                0x1fff8000                __cy_region_start_ram = .
 *(.ramvectors)
 .ramvectors    0x1fff8000      0x100 .\CortexM3\ARM_GCC_493\Debug\Cm3Start.o
                0x1fff8000                CyRamVectors

.noinit         0x1fff8100        0x5
 *(.noinit)
 .noinit        0x1fff8100        0x4 .\CortexM3\ARM_GCC_493\Debug\Cm3Start.o
 .noinit        0x1fff8104        0x1 .\CortexM3\ARM_GCC_493\Debug\ZumoBot_Sumojaba.a(CyLib.o)
                0x1fff8104                CyResetStatus

.data           0x1fff8108      0x8b8 load address 0x00007388
                0x1fff8108                __cy_region_start_data = .
 *(.jcr)
 .jcr           0x1fff8108        0x0 c:/program files (x86)/cypress/psoc creator/4.0/psoc creator/import/gnu/arm/4.9.3/bin/../lib/gcc/arm-none-eabi/4.9.3/armv7-m/crtbegin.o
 .jcr           0x1fff8108        0x4 c:/program files (x86)/cypress/psoc creator/4.0/psoc creator/import/gnu/arm/4.9.3/bin/../lib/gcc/arm-none-eabi/4.9.3/armv7-m/crtend.o
 *(.got.plt)
 *(.got)
 *(.shdata)
 *(.data .data.* .gnu.linkonce.d.*)
 .data          0x1fff810c        0x4 .\CortexM3\ARM_GCC_493\Debug\Cm3Start.o
 .data          0x1fff8110       0x10 .\CortexM3\ARM_GCC_493\Debug\ZumoBot_Sumojaba.a(CyLib.o)
                0x1fff8110                cydelay_32k_ms
                0x1fff8114                cydelay_freq_khz
                0x1fff8118                cydelay_freq_mhz
                0x1fff811c                cydelay_freq_hz
 .data.impure_data
                0x1fff8120      0x428 c:/program files (x86)/cypress/psoc creator/4.0/psoc creator/import/gnu/arm/4.9.3/bin/../lib/gcc/arm-none-eabi/4.9.3/../../../../arm-none-eabi/lib/armv7-m\libg.a(lib_a-impure.o)
 .data._impure_ptr
                0x1fff8548        0x4 c:/program files (x86)/cypress/psoc creator/4.0/psoc creator/import/gnu/arm/4.9.3/bin/../lib/gcc/arm-none-eabi/4.9.3/../../../../arm-none-eabi/lib/armv7-m\libg.a(lib_a-impure.o)
                0x1fff8548                _impure_ptr
 .data.lconv    0x1fff854c       0x38 c:/program files (x86)/cypress/psoc creator/4.0/psoc creator/import/gnu/arm/4.9.3/bin/../lib/gcc/arm-none-eabi/4.9.3/../../../../arm-none-eabi/lib/armv7-m\libg.a(lib_a-locale.o)
 .data.lc_ctype_charset
                0x1fff8584       0x20 c:/program files (x86)/cypress/psoc creator/4.0/psoc creator/import/gnu/arm/4.9.3/bin/../lib/gcc/arm-none-eabi/4.9.3/../../../../arm-none-eabi/lib/armv7-m\libg.a(lib_a-locale.o)
 .data.__mb_cur_max
                0x1fff85a4        0x4 c:/program files (x86)/cypress/psoc creator/4.0/psoc creator/import/gnu/arm/4.9.3/bin/../lib/gcc/arm-none-eabi/4.9.3/../../../../arm-none-eabi/lib/armv7-m\libg.a(lib_a-locale.o)
                0x1fff85a4                __mb_cur_max
 .data.__malloc_av_
                0x1fff85a8      0x408 c:/program files (x86)/cypress/psoc creator/4.0/psoc creator/import/gnu/arm/4.9.3/bin/../lib/gcc/arm-none-eabi/4.9.3/../../../../arm-none-eabi/lib/armv7-m\libg.a(lib_a-mallocr.o)
                0x1fff85a8                __malloc_av_
 .data.__malloc_trim_threshold
                0x1fff89b0        0x4 c:/program files (x86)/cypress/psoc creator/4.0/psoc creator/import/gnu/arm/4.9.3/bin/../lib/gcc/arm-none-eabi/4.9.3/../../../../arm-none-eabi/lib/armv7-m\libg.a(lib_a-mallocr.o)
                0x1fff89b0                __malloc_trim_threshold
 .data.__malloc_sbrk_base
                0x1fff89b4        0x4 c:/program files (x86)/cypress/psoc creator/4.0/psoc creator/import/gnu/arm/4.9.3/bin/../lib/gcc/arm-none-eabi/4.9.3/../../../../arm-none-eabi/lib/armv7-m\libg.a(lib_a-mallocr.o)
                0x1fff89b4                __malloc_sbrk_base
 .data.__wctomb
                0x1fff89b8        0x4 c:/program files (x86)/cypress/psoc creator/4.0/psoc creator/import/gnu/arm/4.9.3/bin/../lib/gcc/arm-none-eabi/4.9.3/../../../../arm-none-eabi/lib/armv7-m\libg.a(lib_a-wctomb_r.o)
                0x1fff89b8                __wctomb
                0x1fff89c0                . = ALIGN (0x8)
 *fill*         0x1fff89bc        0x4 
 *(.ram)
                0x1fff89c0                _edata = .

.igot.plt       0x1fff89c0        0x0 load address 0x00007c40
 .igot.plt      0x00000000        0x0 c:/program files (x86)/cypress/psoc creator/4.0/psoc creator/import/gnu/arm/4.9.3/bin/../lib/gcc/arm-none-eabi/4.9.3/armv7-m/crtbegin.o

.bss            0x1fff89c0       0x80 load address 0x00007c40
                0x1fff89c0                PROVIDE (__bss_start__, .)
 *(.shbss)
 *(.bss .bss.* .gnu.linkonce.b.*)
 .bss           0x1fff89c0       0x1c c:/program files (x86)/cypress/psoc creator/4.0/psoc creator/import/gnu/arm/4.9.3/bin/../lib/gcc/arm-none-eabi/4.9.3/armv7-m/crtbegin.o
 .bss           0x1fff89dc       0x10 .\CortexM3\ARM_GCC_493\Debug\Reflectance.o
 .bss           0x1fff89ec        0x1 .\CortexM3\ARM_GCC_493\Debug\ZumoBot_Sumojaba.a(PWM.o)
                0x1fff89ec                PWM_initVar
 .bss           0x1fff89ed        0x2 .\CortexM3\ARM_GCC_493\Debug\ZumoBot_Sumojaba.a(UART_1.o)
                0x1fff89ed                UART_1_initVar
 .bss           0x1fff89ef        0x1 .\CortexM3\ARM_GCC_493\Debug\ZumoBot_Sumojaba.a(ADC_Battery.o)
                0x1fff89ef                ADC_Battery_initVar
 .bss           0x1fff89f0        0x1 .\CortexM3\ARM_GCC_493\Debug\ZumoBot_Sumojaba.a(Buzzer_PWM.o)
                0x1fff89f0                Buzzer_PWM_initVar
 .bss           0x1fff89f1        0x1 .\CortexM3\ARM_GCC_493\Debug\ZumoBot_Sumojaba.a(Timer_L3.o)
                0x1fff89f1                Timer_L3_initVar
 .bss           0x1fff89f2        0x1 .\CortexM3\ARM_GCC_493\Debug\ZumoBot_Sumojaba.a(Timer_R3.o)
                0x1fff89f2                Timer_R3_initVar
 .bss           0x1fff89f3        0x1 .\CortexM3\ARM_GCC_493\Debug\ZumoBot_Sumojaba.a(Timer_R1.o)
                0x1fff89f3                Timer_R1_initVar
 .bss           0x1fff89f4        0x1 .\CortexM3\ARM_GCC_493\Debug\ZumoBot_Sumojaba.a(Timer_L1.o)
                0x1fff89f4                Timer_L1_initVar
 *fill*         0x1fff89f5        0x3 
 .bss.__malloc_max_total_mem
                0x1fff89f8        0x4 c:/program files (x86)/cypress/psoc creator/4.0/psoc creator/import/gnu/arm/4.9.3/bin/../lib/gcc/arm-none-eabi/4.9.3/../../../../arm-none-eabi/lib/armv7-m\libg.a(lib_a-mallocr.o)
                0x1fff89f8                __malloc_max_total_mem
 .bss.__malloc_max_sbrked_mem
                0x1fff89fc        0x4 c:/program files (x86)/cypress/psoc creator/4.0/psoc creator/import/gnu/arm/4.9.3/bin/../lib/gcc/arm-none-eabi/4.9.3/../../../../arm-none-eabi/lib/armv7-m\libg.a(lib_a-mallocr.o)
                0x1fff89fc                __malloc_max_sbrked_mem
 .bss.__malloc_top_pad
                0x1fff8a00        0x4 c:/program files (x86)/cypress/psoc creator/4.0/psoc creator/import/gnu/arm/4.9.3/bin/../lib/gcc/arm-none-eabi/4.9.3/../../../../arm-none-eabi/lib/armv7-m\libg.a(lib_a-mallocr.o)
                0x1fff8a00                __malloc_top_pad
 .bss.__malloc_current_mallinfo
                0x1fff8a04       0x28 c:/program files (x86)/cypress/psoc creator/4.0/psoc creator/import/gnu/arm/4.9.3/bin/../lib/gcc/arm-none-eabi/4.9.3/../../../../arm-none-eabi/lib/armv7-m\libg.a(lib_a-mallocr.o)
                0x1fff8a04                __malloc_current_mallinfo
 *(COMMON)
 COMMON         0x1fff8a2c        0xc .\CortexM3\ARM_GCC_493\Debug\ZumoBot_Sumojaba.a(ADC_Battery.o)
                0x1fff8a2c                ADC_Battery_offset
                0x1fff8a2e                ADC_Battery_countsPerVolt
                0x1fff8a30                ADC_Battery_shift
                0x1fff8a34                ADC_Battery_countsPer10Volt
 COMMON         0x1fff8a38        0x4 c:/program files (x86)/cypress/psoc creator/4.0/psoc creator/import/gnu/arm/4.9.3/bin/../lib/gcc/arm-none-eabi/4.9.3/../../../../arm-none-eabi/lib/armv7-m\libg.a(lib_a-reent.o)
                0x1fff8a38                errno
                0x1fff8a40                . = ALIGN (0x8)
 *fill*         0x1fff8a3c        0x4 
 *(.ram.b)
                0x1fff8a40                _end = .
                0x1fff8a40                __end = .
                0x1fff8a40                PROVIDE (end, .)
                0x1fff8a40                PROVIDE (__bss_end__, .)
                0x00007388                __cy_region_init_ram = LOADADDR (.data)
                0x000008b8                __cy_region_init_size_ram = (_edata - ADDR (.data))
                0x00000080                __cy_region_zero_size_ram = (_end - _edata)

.heap           0x1fff8a40      0x800 load address 0x00007c40
                0x1fff8a40                . = _end
                0x1fff9240                . = (. + 0x800)
 *fill*         0x1fff8a40      0x800 
                0x1fff9240                __cy_heap_limit = .

.stack          0x20007800      0x800
                0x20007800                __cy_stack_limit = .
                0x20008000                . = (. + 0x800)
 *fill*         0x20007800      0x800 
                0x00000001                ASSERT ((__cy_stack_limit >= __cy_heap_limit), region RAM overflowed with stack)
                0x00000000                cy_checksum_exclude_size = (CY_APPL_LOADABLE == 0x1)?SIZEOF (.cy_checksum_exclude):0x0
                0x00000001                ASSERT ((cy_checksum_exclude_size <= CY_CHECKSUM_EXCLUDE_SIZE), CY_BOOT: Section .cy_checksum_exclude size exceedes specified limit.)

.cyloadermeta
 *(.cyloadermeta)

.cyloadablemeta
 *(.cyloadablemeta)

.cyconfigecc    0x80000000      0x8b4
 *(.cyconfigecc)
 .cyconfigecc   0x80000000      0x8b4 .\CortexM3\ARM_GCC_493\Debug\cymetadata.o
                0x80000000                cy_meta_configecc

.cycustnvl      0x90000000        0x4
 *(.cycustnvl)
 .cycustnvl     0x90000000        0x4 .\CortexM3\ARM_GCC_493\Debug\cymetadata.o
                0x90000000                cy_meta_custnvl

.cywolatch      0x90100000        0x4
 *(.cywolatch)
 .cywolatch     0x90100000        0x4 .\CortexM3\ARM_GCC_493\Debug\cymetadata.o
                0x90100000                cy_meta_wonvl

.cyeeprom       0x90200000        0x0
 *(.cyeeprom)
                0x00000001                ASSERT ((. <= ((0x90200000 + ee_offset) + ee_size)), .cyeeprom data will not fit in EEPROM)

.cyflashprotect
                0x90400000      0x100
 *(.cyflashprotect)
 .cyflashprotect
                0x90400000      0x100 .\CortexM3\ARM_GCC_493\Debug\cymetadata.o
                0x90400000                cy_meta_flashprotect

.cymeta         0x90500000        0xc
 *(.cymeta)
 .cymeta        0x90500000        0xc .\CortexM3\ARM_GCC_493\Debug\cymetadata.o
                0x90500000                cy_metadata

.rel.dyn        0x00007c40        0x0 load address 0x9050000c
 .rel.iplt      0x00000000        0x0 c:/program files (x86)/cypress/psoc creator/4.0/psoc creator/import/gnu/arm/4.9.3/bin/../lib/gcc/arm-none-eabi/4.9.3/armv7-m/crtbegin.o

.stab           0x00000000       0x6c
 *(.stab)
 .stab          0x00000000       0x24 c:/program files (x86)/cypress/psoc creator/4.0/psoc creator/import/gnu/arm/4.9.3/bin/../lib/gcc/arm-none-eabi/4.9.3/../../../../arm-none-eabi/lib/armv7-m\libnosys.a(close.o)
 .stab          0x00000024       0x18 c:/program files (x86)/cypress/psoc creator/4.0/psoc creator/import/gnu/arm/4.9.3/bin/../lib/gcc/arm-none-eabi/4.9.3/../../../../arm-none-eabi/lib/armv7-m\libnosys.a(fstat.o)
                                 0x24 (size before relaxing)
 .stab          0x0000003c       0x18 c:/program files (x86)/cypress/psoc creator/4.0/psoc creator/import/gnu/arm/4.9.3/bin/../lib/gcc/arm-none-eabi/4.9.3/../../../../arm-none-eabi/lib/armv7-m\libnosys.a(isatty.o)
                                 0x24 (size before relaxing)
 .stab          0x00000054       0x18 c:/program files (x86)/cypress/psoc creator/4.0/psoc creator/import/gnu/arm/4.9.3/bin/../lib/gcc/arm-none-eabi/4.9.3/../../../../arm-none-eabi/lib/armv7-m\libnosys.a(lseek.o)
                                 0x24 (size before relaxing)

.stabstr        0x00000000       0xe3
 *(.stabstr)
 .stabstr       0x00000000       0xe3 c:/program files (x86)/cypress/psoc creator/4.0/psoc creator/import/gnu/arm/4.9.3/bin/../lib/gcc/arm-none-eabi/4.9.3/../../../../arm-none-eabi/lib/armv7-m\libnosys.a(close.o)

.debug
 *(.debug)

.line
 *(.line)

.debug_srcinfo
 *(.debug_srcinfo)

.debug_sfnames
 *(.debug_sfnames)

.debug_aranges  0x00000000     0x1250
 *(.debug_aranges)
 .debug_aranges
                0x00000000       0x30 .\CortexM3\ARM_GCC_493\Debug\main.o
 .debug_aranges
                0x00000030       0x20 .\CortexM3\ARM_GCC_493\Debug\Accel.o
 .debug_aranges
                0x00000050       0x20 .\CortexM3\ARM_GCC_493\Debug\Ambient.o
 .debug_aranges
                0x00000070       0x20 .\CortexM3\ARM_GCC_493\Debug\Gyro.o
 .debug_aranges
                0x00000090       0x30 .\CortexM3\ARM_GCC_493\Debug\I2C_made.o
 .debug_aranges
                0x000000c0       0x40 .\CortexM3\ARM_GCC_493\Debug\IR.o
 .debug_aranges
                0x00000100       0x20 .\CortexM3\ARM_GCC_493\Debug\Magnet.o
 .debug_aranges
                0x00000120       0x48 .\CortexM3\ARM_GCC_493\Debug\Motor.o
 .debug_aranges
                0x00000168       0x30 .\CortexM3\ARM_GCC_493\Debug\Nunchuk.o
 .debug_aranges
                0x00000198       0x40 .\CortexM3\ARM_GCC_493\Debug\Reflectance.o
 .debug_aranges
                0x000001d8       0x38 .\CortexM3\ARM_GCC_493\Debug\Ultra.o
 .debug_aranges
                0x00000210       0x20 .\CortexM3\ARM_GCC_493\Debug\Beep.o
 .debug_aranges
                0x00000230       0x18 .\CortexM3\ARM_GCC_493\Debug\cymetadata.o
 .debug_aranges
                0x00000248       0x48 .\CortexM3\ARM_GCC_493\Debug\Cm3Start.o
 .debug_aranges
                0x00000290       0x58 .\CortexM3\ARM_GCC_493\Debug\ZumoBot_Sumojaba.a(cyfitter_cfg.o)
 .debug_aranges
                0x000002e8       0xa8 .\CortexM3\ARM_GCC_493\Debug\ZumoBot_Sumojaba.a(PWM.o)
 .debug_aranges
                0x00000390       0x38 .\CortexM3\ARM_GCC_493\Debug\ZumoBot_Sumojaba.a(I2C.o)
 .debug_aranges
                0x000003c8       0x20 .\CortexM3\ARM_GCC_493\Debug\ZumoBot_Sumojaba.a(I2C_INT.o)
 .debug_aranges
                0x000003e8       0x38 .\CortexM3\ARM_GCC_493\Debug\ZumoBot_Sumojaba.a(I2C_PM.o)
 .debug_aranges
                0x00000420       0x80 .\CortexM3\ARM_GCC_493\Debug\ZumoBot_Sumojaba.a(I2C_MASTER.o)
 .debug_aranges
                0x000004a0      0x2a0 .\CortexM3\ARM_GCC_493\Debug\ZumoBot_Sumojaba.a(CyLib.o)
 .debug_aranges
                0x00000740       0x98 .\CortexM3\ARM_GCC_493\Debug\ZumoBot_Sumojaba.a(cyPm.o)
 .debug_aranges
                0x000007d8       0x38 .\CortexM3\ARM_GCC_493\Debug\ZumoBot_Sumojaba.a(MotorDirLeft.o)
 .debug_aranges
                0x00000810       0x38 .\CortexM3\ARM_GCC_493\Debug\ZumoBot_Sumojaba.a(MotorDirRight.o)
 .debug_aranges
                0x00000848       0x38 .\CortexM3\ARM_GCC_493\Debug\ZumoBot_Sumojaba.a(IR_led.o)
 .debug_aranges
                0x00000880       0x80 .\CortexM3\ARM_GCC_493\Debug\ZumoBot_Sumojaba.a(sensor_isr.o)
 .debug_aranges
                0x00000900       0xf0 .\CortexM3\ARM_GCC_493\Debug\ZumoBot_Sumojaba.a(UART_1.o)
 .debug_aranges
                0x000009f0       0xa8 .\CortexM3\ARM_GCC_493\Debug\ZumoBot_Sumojaba.a(ADC_Battery.o)
 .debug_aranges
                0x00000a98       0x20 .\CortexM3\ARM_GCC_493\Debug\ZumoBot_Sumojaba.a(ADC_Battery_INT.o)
 .debug_aranges
                0x00000ab8       0x38 .\CortexM3\ARM_GCC_493\Debug\ZumoBot_Sumojaba.a(BatteryLed.o)
 .debug_aranges
                0x00000af0       0x38 .\CortexM3\ARM_GCC_493\Debug\ZumoBot_Sumojaba.a(IR_receiver.o)
 .debug_aranges
                0x00000b28       0x38 .\CortexM3\ARM_GCC_493\Debug\ZumoBot_Sumojaba.a(Trig.o)
 .debug_aranges
                0x00000b60       0x88 .\CortexM3\ARM_GCC_493\Debug\ZumoBot_Sumojaba.a(Timer.o)
 .debug_aranges
                0x00000be8       0x38 .\CortexM3\ARM_GCC_493\Debug\ZumoBot_Sumojaba.a(Echo.o)
 .debug_aranges
                0x00000c20       0x80 .\CortexM3\ARM_GCC_493\Debug\ZumoBot_Sumojaba.a(ultra_isr.o)
 .debug_aranges
                0x00000ca0       0x70 .\CortexM3\ARM_GCC_493\Debug\ZumoBot_Sumojaba.a(UART_1_IntClock.o)
 .debug_aranges
                0x00000d10       0x70 .\CortexM3\ARM_GCC_493\Debug\ZumoBot_Sumojaba.a(ADC_Battery_theACLK.o)
 .debug_aranges
                0x00000d80       0x80 .\CortexM3\ARM_GCC_493\Debug\ZumoBot_Sumojaba.a(Buzzer_PWM.o)
 .debug_aranges
                0x00000e00       0x38 .\CortexM3\ARM_GCC_493\Debug\ZumoBot_Sumojaba.a(L3.o)
 .debug_aranges
                0x00000e38       0x88 .\CortexM3\ARM_GCC_493\Debug\ZumoBot_Sumojaba.a(Timer_L3.o)
 .debug_aranges
                0x00000ec0       0x88 .\CortexM3\ARM_GCC_493\Debug\ZumoBot_Sumojaba.a(Timer_R3.o)
 .debug_aranges
                0x00000f48       0x88 .\CortexM3\ARM_GCC_493\Debug\ZumoBot_Sumojaba.a(Timer_R1.o)
 .debug_aranges
                0x00000fd0       0x38 .\CortexM3\ARM_GCC_493\Debug\ZumoBot_Sumojaba.a(R1.o)
 .debug_aranges
                0x00001008       0x38 .\CortexM3\ARM_GCC_493\Debug\ZumoBot_Sumojaba.a(R3.o)
 .debug_aranges
                0x00001040       0x88 .\CortexM3\ARM_GCC_493\Debug\ZumoBot_Sumojaba.a(Timer_L1.o)
 .debug_aranges
                0x000010c8       0x38 .\CortexM3\ARM_GCC_493\Debug\ZumoBot_Sumojaba.a(L1.o)
 .debug_aranges
                0x00001100       0x38 .\CortexM3\ARM_GCC_493\Debug\ZumoBot_Sumojaba.a(SW1.o)
 .debug_aranges
                0x00001138       0x20 .\CortexM3\ARM_GCC_493\Debug\ZumoBot_Sumojaba.a(CyBootAsmGnu.o)
 .debug_aranges
                0x00001158       0x80 .\CortexM3\ARM_GCC_493\Debug\ZumoBot_Sumojaba.a(CyFlash.o)
 .debug_aranges
                0x000011d8       0x78 .\CortexM3\ARM_GCC_493\Debug\ZumoBot_Sumojaba.a(CySpc.o)

.debug_pubnames
 *(.debug_pubnames)

.debug_info     0x00000000     0x9e0a
 *(.debug_info .gnu.linkonce.wi.*)
 .debug_info    0x00000000      0x88e .\CortexM3\ARM_GCC_493\Debug\main.o
 .debug_info    0x0000088e      0x143 .\CortexM3\ARM_GCC_493\Debug\Accel.o
 .debug_info    0x000009d1      0x119 .\CortexM3\ARM_GCC_493\Debug\Ambient.o
 .debug_info    0x00000aea      0x103 .\CortexM3\ARM_GCC_493\Debug\Gyro.o
 .debug_info    0x00000bed      0x322 .\CortexM3\ARM_GCC_493\Debug\I2C_made.o
 .debug_info    0x00000f0f      0x205 .\CortexM3\ARM_GCC_493\Debug\IR.o
 .debug_info    0x00001114      0x162 .\CortexM3\ARM_GCC_493\Debug\Magnet.o
 .debug_info    0x00001276      0x3f4 .\CortexM3\ARM_GCC_493\Debug\Motor.o
 .debug_info    0x0000166a      0x311 .\CortexM3\ARM_GCC_493\Debug\Nunchuk.o
 .debug_info    0x0000197b      0x5a3 .\CortexM3\ARM_GCC_493\Debug\Reflectance.o
 .debug_info    0x00001f1e      0x6c4 .\CortexM3\ARM_GCC_493\Debug\Ultra.o
 .debug_info    0x000025e2      0x197 .\CortexM3\ARM_GCC_493\Debug\Beep.o
 .debug_info    0x00002779      0x13f .\CortexM3\ARM_GCC_493\Debug\cymetadata.o
 .debug_info    0x000028b8      0x3b3 .\CortexM3\ARM_GCC_493\Debug\Cm3Start.o
 .debug_info    0x00002c6b      0x64d .\CortexM3\ARM_GCC_493\Debug\ZumoBot_Sumojaba.a(cyfitter_cfg.o)
 .debug_info    0x000032b8      0x37e .\CortexM3\ARM_GCC_493\Debug\ZumoBot_Sumojaba.a(PWM.o)
 .debug_info    0x00003636      0x2db .\CortexM3\ARM_GCC_493\Debug\ZumoBot_Sumojaba.a(I2C.o)
 .debug_info    0x00003911      0x17f .\CortexM3\ARM_GCC_493\Debug\ZumoBot_Sumojaba.a(I2C_INT.o)
 .debug_info    0x00003a90      0x1fe .\CortexM3\ARM_GCC_493\Debug\ZumoBot_Sumojaba.a(I2C_PM.o)
 .debug_info    0x00003c8e      0x400 .\CortexM3\ARM_GCC_493\Debug\ZumoBot_Sumojaba.a(I2C_MASTER.o)
 .debug_info    0x0000408e     0x1385 .\CortexM3\ARM_GCC_493\Debug\ZumoBot_Sumojaba.a(CyLib.o)
 .debug_info    0x00005413      0xa57 .\CortexM3\ARM_GCC_493\Debug\ZumoBot_Sumojaba.a(cyPm.o)
 .debug_info    0x00005e6a      0x121 .\CortexM3\ARM_GCC_493\Debug\ZumoBot_Sumojaba.a(MotorDirLeft.o)
 .debug_info    0x00005f8b      0x11f .\CortexM3\ARM_GCC_493\Debug\ZumoBot_Sumojaba.a(MotorDirRight.o)
 .debug_info    0x000060aa      0x11f .\CortexM3\ARM_GCC_493\Debug\ZumoBot_Sumojaba.a(IR_led.o)
 .debug_info    0x000061c9      0x2cb .\CortexM3\ARM_GCC_493\Debug\ZumoBot_Sumojaba.a(sensor_isr.o)
 .debug_info    0x00006494      0x603 .\CortexM3\ARM_GCC_493\Debug\ZumoBot_Sumojaba.a(UART_1.o)
 .debug_info    0x00006a97      0x5f8 .\CortexM3\ARM_GCC_493\Debug\ZumoBot_Sumojaba.a(ADC_Battery.o)
 .debug_info    0x0000708f       0x92 .\CortexM3\ARM_GCC_493\Debug\ZumoBot_Sumojaba.a(ADC_Battery_INT.o)
 .debug_info    0x00007121      0x11f .\CortexM3\ARM_GCC_493\Debug\ZumoBot_Sumojaba.a(BatteryLed.o)
 .debug_info    0x00007240      0x121 .\CortexM3\ARM_GCC_493\Debug\ZumoBot_Sumojaba.a(IR_receiver.o)
 .debug_info    0x00007361      0x121 .\CortexM3\ARM_GCC_493\Debug\ZumoBot_Sumojaba.a(Trig.o)
 .debug_info    0x00007482      0x2ce .\CortexM3\ARM_GCC_493\Debug\ZumoBot_Sumojaba.a(Timer.o)
 .debug_info    0x00007750      0x11f .\CortexM3\ARM_GCC_493\Debug\ZumoBot_Sumojaba.a(Echo.o)
 .debug_info    0x0000786f      0x2cb .\CortexM3\ARM_GCC_493\Debug\ZumoBot_Sumojaba.a(ultra_isr.o)
 .debug_info    0x00007b3a      0x283 .\CortexM3\ARM_GCC_493\Debug\ZumoBot_Sumojaba.a(UART_1_IntClock.o)
 .debug_info    0x00007dbd      0x283 .\CortexM3\ARM_GCC_493\Debug\ZumoBot_Sumojaba.a(ADC_Battery_theACLK.o)
 .debug_info    0x00008040      0x272 .\CortexM3\ARM_GCC_493\Debug\ZumoBot_Sumojaba.a(Buzzer_PWM.o)
 .debug_info    0x000082b2      0x11f .\CortexM3\ARM_GCC_493\Debug\ZumoBot_Sumojaba.a(L3.o)
 .debug_info    0x000083d1      0x28e .\CortexM3\ARM_GCC_493\Debug\ZumoBot_Sumojaba.a(Timer_L3.o)
 .debug_info    0x0000865f      0x28e .\CortexM3\ARM_GCC_493\Debug\ZumoBot_Sumojaba.a(Timer_R3.o)
 .debug_info    0x000088ed      0x28e .\CortexM3\ARM_GCC_493\Debug\ZumoBot_Sumojaba.a(Timer_R1.o)
 .debug_info    0x00008b7b      0x11f .\CortexM3\ARM_GCC_493\Debug\ZumoBot_Sumojaba.a(R1.o)
 .debug_info    0x00008c9a      0x11f .\CortexM3\ARM_GCC_493\Debug\ZumoBot_Sumojaba.a(R3.o)
 .debug_info    0x00008db9      0x28e .\CortexM3\ARM_GCC_493\Debug\ZumoBot_Sumojaba.a(Timer_L1.o)
 .debug_info    0x00009047      0x11f .\CortexM3\ARM_GCC_493\Debug\ZumoBot_Sumojaba.a(L1.o)
 .debug_info    0x00009166      0x11f .\CortexM3\ARM_GCC_493\Debug\ZumoBot_Sumojaba.a(SW1.o)
 .debug_info    0x00009285       0x93 .\CortexM3\ARM_GCC_493\Debug\ZumoBot_Sumojaba.a(CyBootAsmGnu.o)
 .debug_info    0x00009318      0x608 .\CortexM3\ARM_GCC_493\Debug\ZumoBot_Sumojaba.a(CyFlash.o)
 .debug_info    0x00009920      0x4ea .\CortexM3\ARM_GCC_493\Debug\ZumoBot_Sumojaba.a(CySpc.o)

.debug_abbrev   0x00000000     0x37b6
 *(.debug_abbrev)
 .debug_abbrev  0x00000000      0x209 .\CortexM3\ARM_GCC_493\Debug\main.o
 .debug_abbrev  0x00000209       0xb7 .\CortexM3\ARM_GCC_493\Debug\Accel.o
 .debug_abbrev  0x000002c0       0x95 .\CortexM3\ARM_GCC_493\Debug\Ambient.o
 .debug_abbrev  0x00000355       0xa5 .\CortexM3\ARM_GCC_493\Debug\Gyro.o
 .debug_abbrev  0x000003fa      0x171 .\CortexM3\ARM_GCC_493\Debug\I2C_made.o
 .debug_abbrev  0x0000056b       0xdc .\CortexM3\ARM_GCC_493\Debug\IR.o
 .debug_abbrev  0x00000647       0xe3 .\CortexM3\ARM_GCC_493\Debug\Magnet.o
 .debug_abbrev  0x0000072a      0x117 .\CortexM3\ARM_GCC_493\Debug\Motor.o
 .debug_abbrev  0x00000841      0x151 .\CortexM3\ARM_GCC_493\Debug\Nunchuk.o
 .debug_abbrev  0x00000992      0x151 .\CortexM3\ARM_GCC_493\Debug\Reflectance.o
 .debug_abbrev  0x00000ae3      0x28e .\CortexM3\ARM_GCC_493\Debug\Ultra.o
 .debug_abbrev  0x00000d71       0xe3 .\CortexM3\ARM_GCC_493\Debug\Beep.o
 .debug_abbrev  0x00000e54       0x77 .\CortexM3\ARM_GCC_493\Debug\cymetadata.o
 .debug_abbrev  0x00000ecb      0x1f7 .\CortexM3\ARM_GCC_493\Debug\Cm3Start.o
 .debug_abbrev  0x000010c2      0x212 .\CortexM3\ARM_GCC_493\Debug\ZumoBot_Sumojaba.a(cyfitter_cfg.o)
 .debug_abbrev  0x000012d4      0x14d .\CortexM3\ARM_GCC_493\Debug\ZumoBot_Sumojaba.a(PWM.o)
 .debug_abbrev  0x00001421      0x15c .\CortexM3\ARM_GCC_493\Debug\ZumoBot_Sumojaba.a(I2C.o)
 .debug_abbrev  0x0000157d       0xbd .\CortexM3\ARM_GCC_493\Debug\ZumoBot_Sumojaba.a(I2C_INT.o)
 .debug_abbrev  0x0000163a      0x12b .\CortexM3\ARM_GCC_493\Debug\ZumoBot_Sumojaba.a(I2C_PM.o)
 .debug_abbrev  0x00001765      0x13c .\CortexM3\ARM_GCC_493\Debug\ZumoBot_Sumojaba.a(I2C_MASTER.o)
 .debug_abbrev  0x000018a1      0x296 .\CortexM3\ARM_GCC_493\Debug\ZumoBot_Sumojaba.a(CyLib.o)
 .debug_abbrev  0x00001b37      0x1ed .\CortexM3\ARM_GCC_493\Debug\ZumoBot_Sumojaba.a(cyPm.o)
 .debug_abbrev  0x00001d24       0x90 .\CortexM3\ARM_GCC_493\Debug\ZumoBot_Sumojaba.a(MotorDirLeft.o)
 .debug_abbrev  0x00001db4       0x90 .\CortexM3\ARM_GCC_493\Debug\ZumoBot_Sumojaba.a(MotorDirRight.o)
 .debug_abbrev  0x00001e44       0x90 .\CortexM3\ARM_GCC_493\Debug\ZumoBot_Sumojaba.a(IR_led.o)
 .debug_abbrev  0x00001ed4      0x173 .\CortexM3\ARM_GCC_493\Debug\ZumoBot_Sumojaba.a(sensor_isr.o)
 .debug_abbrev  0x00002047      0x1a2 .\CortexM3\ARM_GCC_493\Debug\ZumoBot_Sumojaba.a(UART_1.o)
 .debug_abbrev  0x000021e9      0x1eb .\CortexM3\ARM_GCC_493\Debug\ZumoBot_Sumojaba.a(ADC_Battery.o)
 .debug_abbrev  0x000023d4       0x42 .\CortexM3\ARM_GCC_493\Debug\ZumoBot_Sumojaba.a(ADC_Battery_INT.o)
 .debug_abbrev  0x00002416       0x90 .\CortexM3\ARM_GCC_493\Debug\ZumoBot_Sumojaba.a(BatteryLed.o)
 .debug_abbrev  0x000024a6       0x90 .\CortexM3\ARM_GCC_493\Debug\ZumoBot_Sumojaba.a(IR_receiver.o)
 .debug_abbrev  0x00002536       0x90 .\CortexM3\ARM_GCC_493\Debug\ZumoBot_Sumojaba.a(Trig.o)
 .debug_abbrev  0x000025c6      0x154 .\CortexM3\ARM_GCC_493\Debug\ZumoBot_Sumojaba.a(Timer.o)
 .debug_abbrev  0x0000271a       0x90 .\CortexM3\ARM_GCC_493\Debug\ZumoBot_Sumojaba.a(Echo.o)
 .debug_abbrev  0x000027aa      0x173 .\CortexM3\ARM_GCC_493\Debug\ZumoBot_Sumojaba.a(ultra_isr.o)
 .debug_abbrev  0x0000291d      0x139 .\CortexM3\ARM_GCC_493\Debug\ZumoBot_Sumojaba.a(UART_1_IntClock.o)
 .debug_abbrev  0x00002a56      0x139 .\CortexM3\ARM_GCC_493\Debug\ZumoBot_Sumojaba.a(ADC_Battery_theACLK.o)
 .debug_abbrev  0x00002b8f      0x12d .\CortexM3\ARM_GCC_493\Debug\ZumoBot_Sumojaba.a(Buzzer_PWM.o)
 .debug_abbrev  0x00002cbc       0x90 .\CortexM3\ARM_GCC_493\Debug\ZumoBot_Sumojaba.a(L3.o)
 .debug_abbrev  0x00002d4c      0x11a .\CortexM3\ARM_GCC_493\Debug\ZumoBot_Sumojaba.a(Timer_L3.o)
 .debug_abbrev  0x00002e66      0x11a .\CortexM3\ARM_GCC_493\Debug\ZumoBot_Sumojaba.a(Timer_R3.o)
 .debug_abbrev  0x00002f80      0x11a .\CortexM3\ARM_GCC_493\Debug\ZumoBot_Sumojaba.a(Timer_R1.o)
 .debug_abbrev  0x0000309a       0x90 .\CortexM3\ARM_GCC_493\Debug\ZumoBot_Sumojaba.a(R1.o)
 .debug_abbrev  0x0000312a       0x90 .\CortexM3\ARM_GCC_493\Debug\ZumoBot_Sumojaba.a(R3.o)
 .debug_abbrev  0x000031ba      0x11a .\CortexM3\ARM_GCC_493\Debug\ZumoBot_Sumojaba.a(Timer_L1.o)
 .debug_abbrev  0x000032d4       0x90 .\CortexM3\ARM_GCC_493\Debug\ZumoBot_Sumojaba.a(L1.o)
 .debug_abbrev  0x00003364       0x90 .\CortexM3\ARM_GCC_493\Debug\ZumoBot_Sumojaba.a(SW1.o)
 .debug_abbrev  0x000033f4       0x14 .\CortexM3\ARM_GCC_493\Debug\ZumoBot_Sumojaba.a(CyBootAsmGnu.o)
 .debug_abbrev  0x00003408      0x1ed .\CortexM3\ARM_GCC_493\Debug\ZumoBot_Sumojaba.a(CyFlash.o)
 .debug_abbrev  0x000035f5      0x1c1 .\CortexM3\ARM_GCC_493\Debug\ZumoBot_Sumojaba.a(CySpc.o)

.debug_line     0x00000000     0x4af4
 *(.debug_line)
 .debug_line    0x00000000      0x30c .\CortexM3\ARM_GCC_493\Debug\main.o
 .debug_line    0x0000030c      0x179 .\CortexM3\ARM_GCC_493\Debug\Accel.o
 .debug_line    0x00000485       0xe3 .\CortexM3\ARM_GCC_493\Debug\Ambient.o
 .debug_line    0x00000568      0x16f .\CortexM3\ARM_GCC_493\Debug\Gyro.o
 .debug_line    0x000006d7      0x1c1 .\CortexM3\ARM_GCC_493\Debug\I2C_made.o
 .debug_line    0x00000898      0x26f .\CortexM3\ARM_GCC_493\Debug\IR.o
 .debug_line    0x00000b07      0x185 .\CortexM3\ARM_GCC_493\Debug\Magnet.o
 .debug_line    0x00000c8c      0x20d .\CortexM3\ARM_GCC_493\Debug\Motor.o
 .debug_line    0x00000e99      0x1cd .\CortexM3\ARM_GCC_493\Debug\Nunchuk.o
 .debug_line    0x00001066      0x26f .\CortexM3\ARM_GCC_493\Debug\Reflectance.o
 .debug_line    0x000012d5      0x212 .\CortexM3\ARM_GCC_493\Debug\Ultra.o
 .debug_line    0x000014e7      0x18d .\CortexM3\ARM_GCC_493\Debug\Beep.o
 .debug_line    0x00001674       0x51 .\CortexM3\ARM_GCC_493\Debug\cymetadata.o
 .debug_line    0x000016c5      0x24f .\CortexM3\ARM_GCC_493\Debug\Cm3Start.o
 .debug_line    0x00001914      0x213 .\CortexM3\ARM_GCC_493\Debug\ZumoBot_Sumojaba.a(cyfitter_cfg.o)
 .debug_line    0x00001b27      0x1a7 .\CortexM3\ARM_GCC_493\Debug\ZumoBot_Sumojaba.a(PWM.o)
 .debug_line    0x00001cce       0xd9 .\CortexM3\ARM_GCC_493\Debug\ZumoBot_Sumojaba.a(I2C.o)
 .debug_line    0x00001da7      0x114 .\CortexM3\ARM_GCC_493\Debug\ZumoBot_Sumojaba.a(I2C_INT.o)
 .debug_line    0x00001ebb       0xbb .\CortexM3\ARM_GCC_493\Debug\ZumoBot_Sumojaba.a(I2C_PM.o)
 .debug_line    0x00001f76      0x1fd .\CortexM3\ARM_GCC_493\Debug\ZumoBot_Sumojaba.a(I2C_MASTER.o)
 .debug_line    0x00002173      0x816 .\CortexM3\ARM_GCC_493\Debug\ZumoBot_Sumojaba.a(CyLib.o)
 .debug_line    0x00002989      0x364 .\CortexM3\ARM_GCC_493\Debug\ZumoBot_Sumojaba.a(cyPm.o)
 .debug_line    0x00002ced       0x99 .\CortexM3\ARM_GCC_493\Debug\ZumoBot_Sumojaba.a(MotorDirLeft.o)
 .debug_line    0x00002d86       0x9a .\CortexM3\ARM_GCC_493\Debug\ZumoBot_Sumojaba.a(MotorDirRight.o)
 .debug_line    0x00002e20       0x93 .\CortexM3\ARM_GCC_493\Debug\ZumoBot_Sumojaba.a(IR_led.o)
 .debug_line    0x00002eb3      0x137 .\CortexM3\ARM_GCC_493\Debug\ZumoBot_Sumojaba.a(sensor_isr.o)
 .debug_line    0x00002fea      0x2c0 .\CortexM3\ARM_GCC_493\Debug\ZumoBot_Sumojaba.a(UART_1.o)
 .debug_line    0x000032aa      0x223 .\CortexM3\ARM_GCC_493\Debug\ZumoBot_Sumojaba.a(ADC_Battery.o)
 .debug_line    0x000034cd       0x58 .\CortexM3\ARM_GCC_493\Debug\ZumoBot_Sumojaba.a(ADC_Battery_INT.o)
 .debug_line    0x00003525       0x97 .\CortexM3\ARM_GCC_493\Debug\ZumoBot_Sumojaba.a(BatteryLed.o)
 .debug_line    0x000035bc       0x98 .\CortexM3\ARM_GCC_493\Debug\ZumoBot_Sumojaba.a(IR_receiver.o)
 .debug_line    0x00003654       0x91 .\CortexM3\ARM_GCC_493\Debug\ZumoBot_Sumojaba.a(Trig.o)
 .debug_line    0x000036e5      0x159 .\CortexM3\ARM_GCC_493\Debug\ZumoBot_Sumojaba.a(Timer.o)
 .debug_line    0x0000383e       0x91 .\CortexM3\ARM_GCC_493\Debug\ZumoBot_Sumojaba.a(Echo.o)
 .debug_line    0x000038cf      0x136 .\CortexM3\ARM_GCC_493\Debug\ZumoBot_Sumojaba.a(ultra_isr.o)
 .debug_line    0x00003a05      0x17e .\CortexM3\ARM_GCC_493\Debug\ZumoBot_Sumojaba.a(UART_1_IntClock.o)
 .debug_line    0x00003b83      0x182 .\CortexM3\ARM_GCC_493\Debug\ZumoBot_Sumojaba.a(ADC_Battery_theACLK.o)
 .debug_line    0x00003d05      0x13f .\CortexM3\ARM_GCC_493\Debug\ZumoBot_Sumojaba.a(Buzzer_PWM.o)
 .debug_line    0x00003e44       0x8f .\CortexM3\ARM_GCC_493\Debug\ZumoBot_Sumojaba.a(L3.o)
 .debug_line    0x00003ed3      0x156 .\CortexM3\ARM_GCC_493\Debug\ZumoBot_Sumojaba.a(Timer_L3.o)
 .debug_line    0x00004029      0x156 .\CortexM3\ARM_GCC_493\Debug\ZumoBot_Sumojaba.a(Timer_R3.o)
 .debug_line    0x0000417f      0x156 .\CortexM3\ARM_GCC_493\Debug\ZumoBot_Sumojaba.a(Timer_R1.o)
 .debug_line    0x000042d5       0x8f .\CortexM3\ARM_GCC_493\Debug\ZumoBot_Sumojaba.a(R1.o)
 .debug_line    0x00004364       0x8f .\CortexM3\ARM_GCC_493\Debug\ZumoBot_Sumojaba.a(R3.o)
 .debug_line    0x000043f3      0x156 .\CortexM3\ARM_GCC_493\Debug\ZumoBot_Sumojaba.a(Timer_L1.o)
 .debug_line    0x00004549       0x8f .\CortexM3\ARM_GCC_493\Debug\ZumoBot_Sumojaba.a(L1.o)
 .debug_line    0x000045d8       0x90 .\CortexM3\ARM_GCC_493\Debug\ZumoBot_Sumojaba.a(SW1.o)
 .debug_line    0x00004668       0x66 .\CortexM3\ARM_GCC_493\Debug\ZumoBot_Sumojaba.a(CyBootAsmGnu.o)
 .debug_line    0x000046ce      0x1ea .\CortexM3\ARM_GCC_493\Debug\ZumoBot_Sumojaba.a(CyFlash.o)
 .debug_line    0x000048b8      0x23c .\CortexM3\ARM_GCC_493\Debug\ZumoBot_Sumojaba.a(CySpc.o)

.debug_frame    0x00000000     0x3c0c
 *(.debug_frame)
 .debug_frame   0x00000000       0x94 .\CortexM3\ARM_GCC_493\Debug\main.o
 .debug_frame   0x00000094       0x38 .\CortexM3\ARM_GCC_493\Debug\Accel.o
 .debug_frame   0x000000cc       0x3c .\CortexM3\ARM_GCC_493\Debug\Ambient.o
 .debug_frame   0x00000108       0x2c .\CortexM3\ARM_GCC_493\Debug\Gyro.o
 .debug_frame   0x00000134       0x64 .\CortexM3\ARM_GCC_493\Debug\I2C_made.o
 .debug_frame   0x00000198       0xa4 .\CortexM3\ARM_GCC_493\Debug\IR.o
 .debug_frame   0x0000023c       0x2c .\CortexM3\ARM_GCC_493\Debug\Magnet.o